{"level":"INFO","time":"2022-11-24T22:03:24.403+0800","caller":"logger/logger.go:38","msg":"started"}
{"level":"INFO","time":"2022-11-24T22:05:40.672+0800","caller":"logger/logger.go:38","msg":"started"}
{"level":"INFO","time":"2022-11-24T22:58:09.562+0800","caller":"logger/logger.go:38","msg":"http server listening on: 127.0.0.1:8080"}
{"level":"INFO","time":"2022-11-24T22:58:09.562+0800","caller":"logger/logger.go:38","msg":"started"}
{"level":"ERROR","time":"2022-11-24T22:58:39.450+0800","caller":"logger/logger.go:116","msg":"[Recovery from panic]","error":"json body invalid: EOF","request":"GET /v1/kline HTTP/1.1\r\nHost: localhost:8080\r\nAccept: text/html,application/xhtml+xml,application/xml;q=0.9,image/avif,image/webp,image/apng,*/*;q=0.8,application/signed-exchange;v=b3;q=0.9\r\nAccept-Encoding: gzip, deflate, br\r\nAccept-Language: zh-CN,zh;q=0.9,en;q=0.8\r\nConnection: keep-alive\r\nCookie: Idea-ceb62ef=9e4b5564-7902-4fef-8d94-62f49ea19eab; R_PCS=light; R_LOCALE=en-us; R_USERNAME=admin\r\nSec-Ch-Ua: \"Not_A Brand\";v=\"99\", \"Google Chrome\";v=\"109\", \"Chromium\";v=\"109\"\r\nSec-Ch-Ua-Mobile: ?0\r\nSec-Ch-Ua-Platform: \"Windows\"\r\nSec-Fetch-Dest: document\r\nSec-Fetch-Mode: navigate\r\nSec-Fetch-Site: none\r\nSec-Fetch-User: ?1\r\nUpgrade-Insecure-Requests: 1\r\nUser-Agent: Mozilla/5.0 (Windows NT 10.0; Win64; x64) AppleWebKit/537.36 (KHTML, like Gecko) Chrome/109.0.0.0 Safari/537.36\r\n\r\n","stack":"goroutine 41 [running]:\nruntime/debug.Stack()\n\tD:/Users/shalo/gosdk/go1.19.2/src/runtime/debug/stack.go:24 +0x65\ndemo/src/logger.GinRecovery.func1.1()\n\tC:/Users/shalo/go/src/demo/src/logger/logger.go:119 +0x2cc\npanic({0xe50f60, 0xc0006448e8})\n\tD:/Users/shalo/gosdk/go1.19.2/src/runtime/panic.go:884 +0x212\ngithub.com/toolkits/pkg/errorx.Bomb(...)\n\tC:/Users/shalo/go/pkg/mod/github.com/toolkits/pkg@v1.3.1/errorx/errorx.go:21\ngithub.com/toolkits/pkg/ginx.BindJSON(0xecbc63?, {0xdba4a0?, 0xc000488030?})\n\tC:/Users/shalo/go/pkg/mod/github.com/toolkits/pkg@v1.3.1/ginx/param.go:14 +0xb4\ndemo/src/router.getKLine(0x929ac7?)\n\tC:/Users/shalo/go/src/demo/src/router/router_kline.go:11 +0x45\ngithub.com/gin-gonic/gin.(*Context).Next(...)\n\tC:/Users/shalo/go/pkg/mod/github.com/gin-gonic/gin@v1.8.1/context.go:173\ndemo/src/logger.GinRecovery.func1(0xc000460100)\n\tC:/Users/shalo/go/src/demo/src/logger/logger.go:130 +0x76\ngithub.com/gin-gonic/gin.(*Context).Next(...)\n\tC:/Users/shalo/go/pkg/mod/github.com/gin-gonic/gin@v1.8.1/context.go:173\ndemo/src/logger.GinLogger.func1(0xc000460100)\n\tC:/Users/shalo/go/src/demo/src/logger/logger.go:71 +0xa2\ngithub.com/gin-gonic/gin.(*Context).Next(...)\n\tC:/Users/shalo/go/pkg/mod/github.com/gin-gonic/gin@v1.8.1/context.go:173\ngithub.com/gin-gonic/gin.(*Engine).handleHTTPRequest(0xc000412b60, 0xc000460100)\n\tC:/Users/shalo/go/pkg/mod/github.com/gin-gonic/gin@v1.8.1/gin.go:616 +0x671\ngithub.com/gin-gonic/gin.(*Engine).ServeHTTP(0xc000412b60, {0xfdbaf8?, 0xc000472000}, 0xc0003ec100)\n\tC:/Users/shalo/go/pkg/mod/github.com/gin-gonic/gin@v1.8.1/gin.go:572 +0x1dd\nnet/http.serverHandler.ServeHTTP({0xc0004845d0?}, {0xfdbaf8, 0xc000472000}, 0xc0003ec100)\n\tD:/Users/shalo/gosdk/go1.19.2/src/net/http/server.go:2947 +0x30c\nnet/http.(*conn).serve(0xc0006c4aa0, {0xfdc740, 0xc0006af110})\n\tD:/Users/shalo/gosdk/go1.19.2/src/net/http/server.go:1991 +0x607\ncreated by net/http.(*Server).Serve\n\tD:/Users/shalo/gosdk/go1.19.2/src/net/http/server.go:3102 +0x4db\n"}
{"level":"INFO","time":"2022-11-24T22:58:39.450+0800","caller":"logger/logger.go:74","msg":"/v1/kline","status":500,"method":"GET","path":"/v1/kline","query":"","ip":"127.0.0.1","user-agent":"Mozilla/5.0 (Windows NT 10.0; Win64; x64) AppleWebKit/537.36 (KHTML, like Gecko) Chrome/109.0.0.0 Safari/537.36","errors":"","cost":0}
{"level":"ERROR","time":"2022-11-24T22:59:18.612+0800","caller":"logger/logger.go:116","msg":"[Recovery from panic]","error":"json body invalid: EOF","request":"GET /v1/kline?symbol=1&period=1 HTTP/1.1\r\nHost: localhost:8080\r\nAccept: text/html,application/xhtml+xml,application/xml;q=0.9,image/avif,image/webp,image/apng,*/*;q=0.8,application/signed-exchange;v=b3;q=0.9\r\nAccept-Encoding: gzip, deflate, br\r\nAccept-Language: zh-CN,zh;q=0.9,en;q=0.8\r\nConnection: keep-alive\r\nCookie: Idea-ceb62ef=9e4b5564-7902-4fef-8d94-62f49ea19eab; R_PCS=light; R_LOCALE=en-us; R_USERNAME=admin\r\nSec-Ch-Ua: \"Not_A Brand\";v=\"99\", \"Google Chrome\";v=\"109\", \"Chromium\";v=\"109\"\r\nSec-Ch-Ua-Mobile: ?0\r\nSec-Ch-Ua-Platform: \"Windows\"\r\nSec-Fetch-Dest: document\r\nSec-Fetch-Mode: navigate\r\nSec-Fetch-Site: none\r\nSec-Fetch-User: ?1\r\nUpgrade-Insecure-Requests: 1\r\nUser-Agent: Mozilla/5.0 (Windows NT 10.0; Win64; x64) AppleWebKit/537.36 (KHTML, like Gecko) Chrome/109.0.0.0 Safari/537.36\r\n\r\n","stack":"goroutine 41 [running]:\nruntime/debug.Stack()\n\tD:/Users/shalo/gosdk/go1.19.2/src/runtime/debug/stack.go:24 +0x65\ndemo/src/logger.GinRecovery.func1.1()\n\tC:/Users/shalo/go/src/demo/src/logger/logger.go:119 +0x2cc\npanic({0xe50f60, 0xc000644918})\n\tD:/Users/shalo/gosdk/go1.19.2/src/runtime/panic.go:884 +0x212\ngithub.com/toolkits/pkg/errorx.Bomb(...)\n\tC:/Users/shalo/go/pkg/mod/github.com/toolkits/pkg@v1.3.1/errorx/errorx.go:21\ngithub.com/toolkits/pkg/ginx.BindJSON(0x789926?, {0xdba4a0?, 0xc000488048?})\n\tC:/Users/shalo/go/pkg/mod/github.com/toolkits/pkg@v1.3.1/ginx/param.go:14 +0xb4\ndemo/src/router.getKLine(0x929ac7?)\n\tC:/Users/shalo/go/src/demo/src/router/router_kline.go:11 +0x45\ngithub.com/gin-gonic/gin.(*Context).Next(...)\n\tC:/Users/shalo/go/pkg/mod/github.com/gin-gonic/gin@v1.8.1/context.go:173\ndemo/src/logger.GinRecovery.func1(0xc000460100)\n\tC:/Users/shalo/go/src/demo/src/logger/logger.go:130 +0x76\ngithub.com/gin-gonic/gin.(*Context).Next(...)\n\tC:/Users/shalo/go/pkg/mod/github.com/gin-gonic/gin@v1.8.1/context.go:173\ndemo/src/logger.GinLogger.func1(0xc000460100)\n\tC:/Users/shalo/go/src/demo/src/logger/logger.go:71 +0xa2\ngithub.com/gin-gonic/gin.(*Context).Next(...)\n\tC:/Users/shalo/go/pkg/mod/github.com/gin-gonic/gin@v1.8.1/context.go:173\ngithub.com/gin-gonic/gin.(*Engine).handleHTTPRequest(0xc000412b60, 0xc000460100)\n\tC:/Users/shalo/go/pkg/mod/github.com/gin-gonic/gin@v1.8.1/gin.go:616 +0x671\ngithub.com/gin-gonic/gin.(*Engine).ServeHTTP(0xc000412b60, {0xfdbaf8?, 0xc0004720e0}, 0xc000460200)\n\tC:/Users/shalo/go/pkg/mod/github.com/gin-gonic/gin@v1.8.1/gin.go:572 +0x1dd\nnet/http.serverHandler.ServeHTTP({0xc0004845d0?}, {0xfdbaf8, 0xc0004720e0}, 0xc000460200)\n\tD:/Users/shalo/gosdk/go1.19.2/src/net/http/server.go:2947 +0x30c\nnet/http.(*conn).serve(0xc0006c4aa0, {0xfdc740, 0xc0006af110})\n\tD:/Users/shalo/gosdk/go1.19.2/src/net/http/server.go:1991 +0x607\ncreated by net/http.(*Server).Serve\n\tD:/Users/shalo/gosdk/go1.19.2/src/net/http/server.go:3102 +0x4db\n"}
{"level":"INFO","time":"2022-11-24T22:59:18.612+0800","caller":"logger/logger.go:74","msg":"/v1/kline","status":500,"method":"GET","path":"/v1/kline","query":"symbol=1&period=1","ip":"127.0.0.1","user-agent":"Mozilla/5.0 (Windows NT 10.0; Win64; x64) AppleWebKit/537.36 (KHTML, like Gecko) Chrome/109.0.0.0 Safari/537.36","errors":"","cost":0.0001302}
{"level":"INFO","time":"2022-11-24T22:59:34.931+0800","caller":"logger/logger.go:38","msg":"started"}
{"level":"INFO","time":"2022-11-24T22:59:34.932+0800","caller":"logger/logger.go:38","msg":"http server listening on: 127.0.0.1:8080"}
{"level":"INFO","time":"2022-11-24T23:04:08.110+0800","caller":"logger/logger.go:38","msg":"http server listening on: 127.0.0.1:8080"}
{"level":"INFO","time":"2022-11-24T23:04:08.110+0800","caller":"logger/logger.go:38","msg":"started"}
{"level":"ERROR","time":"2022-11-24T23:04:14.592+0800","caller":"logger/logger.go:116","msg":"[Recovery from panic]","error":"reflect: call of reflect.Value.Interface on zero Value","request":"GET /v1/kline?symbol=1&period=1 HTTP/1.1\r\nHost: localhost:8080\r\nAccept: text/html,application/xhtml+xml,application/xml;q=0.9,image/avif,image/webp,image/apng,*/*;q=0.8,application/signed-exchange;v=b3;q=0.9\r\nAccept-Encoding: gzip, deflate, br\r\nAccept-Language: zh-CN,zh;q=0.9,en;q=0.8\r\nCache-Control: max-age=0\r\nConnection: keep-alive\r\nCookie: Idea-ceb62ef=9e4b5564-7902-4fef-8d94-62f49ea19eab; R_PCS=light; R_LOCALE=en-us; R_USERNAME=admin\r\nSec-Ch-Ua: \"Not_A Brand\";v=\"99\", \"Google Chrome\";v=\"109\", \"Chromium\";v=\"109\"\r\nSec-Ch-Ua-Mobile: ?0\r\nSec-Ch-Ua-Platform: \"Windows\"\r\nSec-Fetch-Dest: document\r\nSec-Fetch-Mode: navigate\r\nSec-Fetch-Site: none\r\nSec-Fetch-User: ?1\r\nUpgrade-Insecure-Requests: 1\r\nUser-Agent: Mozilla/5.0 (Windows NT 10.0; Win64; x64) AppleWebKit/537.36 (KHTML, like Gecko) Chrome/109.0.0.0 Safari/537.36\r\n\r\n","stack":"goroutine 26 [running]:\nruntime/debug.Stack()\n\tD:/Users/shalo/gosdk/go1.19.2/src/runtime/debug/stack.go:24 +0x7a\ndemo/src/logger.GinRecovery.func1.1()\n\tC:/Users/shalo/go/src/demo/src/logger/logger.go:119 +0x6c9\npanic({0x1252c80, 0xc0000080f0})\n\tD:/Users/shalo/gosdk/go1.19.2/src/runtime/panic.go:890 +0x267\nreflect.valueInterface({0x0, 0x0, 0x0}, 0x1)\n\tD:/Users/shalo/gosdk/go1.19.2/src/reflect/value.go:1483 +0x27a\nreflect.Value.Interface({0x0, 0x0, 0x0})\n\tD:/Users/shalo/gosdk/go1.19.2/src/reflect/value.go:1478 +0x45\ngithub.com/gin-gonic/gin/binding.(*defaultValidator).ValidateStruct(0x178b4b0, {0x1211920, 0x0})\n\tC:/Users/shalo/go/pkg/mod/github.com/gin-gonic/gin@v1.8.1/binding/default_validator.go:57 +0xf4\ngithub.com/gin-gonic/gin/binding.(*defaultValidator).ValidateStruct(0x178b4b0, {0x120ee60, 0xc00000a0d8})\n\tC:/Users/shalo/go/pkg/mod/github.com/gin-gonic/gin@v1.8.1/binding/default_validator.go:57 +0x11a\ngithub.com/gin-gonic/gin/binding.validate({0x120ee60, 0xc00000a0d8})\n\tC:/Users/shalo/go/pkg/mod/github.com/gin-gonic/gin@v1.8.1/binding/binding.go:121 +0x54\ngithub.com/gin-gonic/gin/binding.queryBinding.Bind({}, 0xc00007c400, {0x120ee60, 0xc00000a0d8})\n\tC:/Users/shalo/go/pkg/mod/github.com/gin-gonic/gin@v1.8.1/binding/query.go:20 +0x9e\ngithub.com/gin-gonic/gin.(*Context).ShouldBindWith(0xc00007c600, {0x120ee60, 0xc00000a0d8}, {0x13af678, 0x17e47f0})\n\tC:/Users/shalo/go/pkg/mod/github.com/gin-gonic/gin@v1.8.1/context.go:725 +0x5f\ngithub.com/gin-gonic/gin.(*Context).MustBindWith(0xc00007c600, {0x120ee60, 0xc00000a0d8}, {0x13af678, 0x17e47f0})\n\tC:/Users/shalo/go/pkg/mod/github.com/gin-gonic/gin@v1.8.1/context.go:664 +0x5b\ngithub.com/gin-gonic/gin.(*Context).BindQuery(0xc00007c600, {0x120ee60, 0xc00000a0d8})\n\tC:/Users/shalo/go/pkg/mod/github.com/gin-gonic/gin@v1.8.1/context.go:632 +0x4b\ndemo/src/router.getKLine(0xc00007c600)\n\tC:/Users/shalo/go/src/demo/src/router/router_kline.go:10 +0x6f\ngithub.com/gin-gonic/gin.(*Context).Next(0xc00007c600)\n\tC:/Users/shalo/go/pkg/mod/github.com/gin-gonic/gin@v1.8.1/context.go:173 +0x7d\ndemo/src/logger.GinRecovery.func1(0xc00007c600)\n\tC:/Users/shalo/go/src/demo/src/logger/logger.go:130 +0x8c\ngithub.com/gin-gonic/gin.(*Context).Next(0xc00007c600)\n\tC:/Users/shalo/go/pkg/mod/github.com/gin-gonic/gin@v1.8.1/context.go:173 +0x7d\ndemo/src/logger.GinLogger.func1(0xc00007c600)\n\tC:/Users/shalo/go/src/demo/src/logger/logger.go:71 +0xab\ngithub.com/gin-gonic/gin.(*Context).Next(0xc00007c600)\n\tC:/Users/shalo/go/pkg/mod/github.com/gin-gonic/gin@v1.8.1/context.go:173 +0x7d\ngithub.com/gin-gonic/gin.(*Engine).handleHTTPRequest(0xc000442000, 0xc00007c600)\n\tC:/Users/shalo/go/pkg/mod/github.com/gin-gonic/gin@v1.8.1/gin.go:616 +0x434\ngithub.com/gin-gonic/gin.(*Engine).ServeHTTP(0xc000442000, {0x13b0388, 0xc00074c000}, 0xc00007c400)\n\tC:/Users/shalo/go/pkg/mod/github.com/gin-gonic/gin@v1.8.1/gin.go:572 +0xc5\nnet/http.serverHandler.ServeHTTP({0xc0005be690}, {0x13b0388, 0xc00074c000}, 0xc00007c400)\n\tD:/Users/shalo/gosdk/go1.19.2/src/net/http/server.go:2947 +0x474\nnet/http.(*conn).serve(0xc00046a0a0, {0x13b0f70, 0xc000078500})\n\tD:/Users/shalo/gosdk/go1.19.2/src/net/http/server.go:1991 +0x195c\ncreated by net/http.(*Server).Serve\n\tD:/Users/shalo/gosdk/go1.19.2/src/net/http/server.go:3102 +0x9e5\n"}
{"level":"INFO","time":"2022-11-24T23:04:14.593+0800","caller":"logger/logger.go:74","msg":"/v1/kline","status":500,"method":"GET","path":"/v1/kline","query":"symbol=1&period=1","ip":"127.0.0.1","user-agent":"Mozilla/5.0 (Windows NT 10.0; Win64; x64) AppleWebKit/537.36 (KHTML, like Gecko) Chrome/109.0.0.0 Safari/537.36","errors":"","cost":0.0005488}
{"level":"ERROR","time":"2022-11-24T23:04:14.667+0800","caller":"logger/logger.go:116","msg":"[Recovery from panic]","error":"reflect: call of reflect.Value.Interface on zero Value","request":"GET /v1/kline?symbol=1&period=1 HTTP/1.1\r\nHost: localhost:8080\r\nAccept: text/html,application/xhtml+xml,application/xml;q=0.9,image/avif,image/webp,image/apng,*/*;q=0.8,application/signed-exchange;v=b3;q=0.9\r\nAccept-Encoding: gzip, deflate, br\r\nAccept-Language: zh-CN,zh;q=0.9,en;q=0.8\r\nCache-Control: max-age=0\r\nConnection: keep-alive\r\nCookie: Idea-ceb62ef=9e4b5564-7902-4fef-8d94-62f49ea19eab; R_PCS=light; R_LOCALE=en-us; R_USERNAME=admin\r\nSec-Ch-Ua: \"Not_A Brand\";v=\"99\", \"Google Chrome\";v=\"109\", \"Chromium\";v=\"109\"\r\nSec-Ch-Ua-Mobile: ?0\r\nSec-Ch-Ua-Platform: \"Windows\"\r\nSec-Fetch-Dest: document\r\nSec-Fetch-Mode: navigate\r\nSec-Fetch-Site: none\r\nSec-Fetch-User: ?1\r\nUpgrade-Insecure-Requests: 1\r\nUser-Agent: Mozilla/5.0 (Windows NT 10.0; Win64; x64) AppleWebKit/537.36 (KHTML, like Gecko) Chrome/109.0.0.0 Safari/537.36\r\n\r\n","stack":"goroutine 26 [running]:\nruntime/debug.Stack()\n\tD:/Users/shalo/gosdk/go1.19.2/src/runtime/debug/stack.go:24 +0x7a\ndemo/src/logger.GinRecovery.func1.1()\n\tC:/Users/shalo/go/src/demo/src/logger/logger.go:119 +0x6c9\npanic({0x1252c80, 0xc000008120})\n\tD:/Users/shalo/gosdk/go1.19.2/src/runtime/panic.go:890 +0x267\nreflect.valueInterface({0x0, 0x0, 0x0}, 0x1)\n\tD:/Users/shalo/gosdk/go1.19.2/src/reflect/value.go:1483 +0x27a\nreflect.Value.Interface({0x0, 0x0, 0x0})\n\tD:/Users/shalo/gosdk/go1.19.2/src/reflect/value.go:1478 +0x45\ngithub.com/gin-gonic/gin/binding.(*defaultValidator).ValidateStruct(0x178b4b0, {0x1211920, 0x0})\n\tC:/Users/shalo/go/pkg/mod/github.com/gin-gonic/gin@v1.8.1/binding/default_validator.go:57 +0xf4\ngithub.com/gin-gonic/gin/binding.(*defaultValidator).ValidateStruct(0x178b4b0, {0x120ee60, 0xc00000a0e0})\n\tC:/Users/shalo/go/pkg/mod/github.com/gin-gonic/gin@v1.8.1/binding/default_validator.go:57 +0x11a\ngithub.com/gin-gonic/gin/binding.validate({0x120ee60, 0xc00000a0e0})\n\tC:/Users/shalo/go/pkg/mod/github.com/gin-gonic/gin@v1.8.1/binding/binding.go:121 +0x54\ngithub.com/gin-gonic/gin/binding.queryBinding.Bind({}, 0xc00007c700, {0x120ee60, 0xc00000a0e0})\n\tC:/Users/shalo/go/pkg/mod/github.com/gin-gonic/gin@v1.8.1/binding/query.go:20 +0x9e\ngithub.com/gin-gonic/gin.(*Context).ShouldBindWith(0xc00007c600, {0x120ee60, 0xc00000a0e0}, {0x13af678, 0x17e47f0})\n\tC:/Users/shalo/go/pkg/mod/github.com/gin-gonic/gin@v1.8.1/context.go:725 +0x5f\ngithub.com/gin-gonic/gin.(*Context).MustBindWith(0xc00007c600, {0x120ee60, 0xc00000a0e0}, {0x13af678, 0x17e47f0})\n\tC:/Users/shalo/go/pkg/mod/github.com/gin-gonic/gin@v1.8.1/context.go:664 +0x5b\ngithub.com/gin-gonic/gin.(*Context).BindQuery(0xc00007c600, {0x120ee60, 0xc00000a0e0})\n\tC:/Users/shalo/go/pkg/mod/github.com/gin-gonic/gin@v1.8.1/context.go:632 +0x4b\ndemo/src/router.getKLine(0xc00007c600)\n\tC:/Users/shalo/go/src/demo/src/router/router_kline.go:10 +0x6f\ngithub.com/gin-gonic/gin.(*Context).Next(0xc00007c600)\n\tC:/Users/shalo/go/pkg/mod/github.com/gin-gonic/gin@v1.8.1/context.go:173 +0x7d\ndemo/src/logger.GinRecovery.func1(0xc00007c600)\n\tC:/Users/shalo/go/src/demo/src/logger/logger.go:130 +0x8c\ngithub.com/gin-gonic/gin.(*Context).Next(0xc00007c600)\n\tC:/Users/shalo/go/pkg/mod/github.com/gin-gonic/gin@v1.8.1/context.go:173 +0x7d\ndemo/src/logger.GinLogger.func1(0xc00007c600)\n\tC:/Users/shalo/go/src/demo/src/logger/logger.go:71 +0xab\ngithub.com/gin-gonic/gin.(*Context).Next(0xc00007c600)\n\tC:/Users/shalo/go/pkg/mod/github.com/gin-gonic/gin@v1.8.1/context.go:173 +0x7d\ngithub.com/gin-gonic/gin.(*Engine).handleHTTPRequest(0xc000442000, 0xc00007c600)\n\tC:/Users/shalo/go/pkg/mod/github.com/gin-gonic/gin@v1.8.1/gin.go:616 +0x434\ngithub.com/gin-gonic/gin.(*Engine).ServeHTTP(0xc000442000, {0x13b0388, 0xc00074c0e0}, 0xc00007c700)\n\tC:/Users/shalo/go/pkg/mod/github.com/gin-gonic/gin@v1.8.1/gin.go:572 +0xc5\nnet/http.serverHandler.ServeHTTP({0xc0005be690}, {0x13b0388, 0xc00074c0e0}, 0xc00007c700)\n\tD:/Users/shalo/gosdk/go1.19.2/src/net/http/server.go:2947 +0x474\nnet/http.(*conn).serve(0xc00046a0a0, {0x13b0f70, 0xc000078500})\n\tD:/Users/shalo/gosdk/go1.19.2/src/net/http/server.go:1991 +0x195c\ncreated by net/http.(*Server).Serve\n\tD:/Users/shalo/gosdk/go1.19.2/src/net/http/server.go:3102 +0x9e5\n"}
{"level":"INFO","time":"2022-11-24T23:04:14.667+0800","caller":"logger/logger.go:74","msg":"/v1/kline","status":500,"method":"GET","path":"/v1/kline","query":"symbol=1&period=1","ip":"127.0.0.1","user-agent":"Mozilla/5.0 (Windows NT 10.0; Win64; x64) AppleWebKit/537.36 (KHTML, like Gecko) Chrome/109.0.0.0 Safari/537.36","errors":"","cost":0.0000949}
{"level":"ERROR","time":"2022-11-24T23:04:17.170+0800","caller":"logger/logger.go:116","msg":"[Recovery from panic]","error":"reflect: call of reflect.Value.Interface on zero Value","request":"GET /v1/kline?symbol=1&period=1 HTTP/1.1\r\nHost: localhost:8080\r\nAccept: text/html,application/xhtml+xml,application/xml;q=0.9,image/avif,image/webp,image/apng,*/*;q=0.8,application/signed-exchange;v=b3;q=0.9\r\nAccept-Encoding: gzip, deflate, br\r\nAccept-Language: zh-CN,zh;q=0.9,en;q=0.8\r\nCache-Control: max-age=0\r\nConnection: keep-alive\r\nCookie: Idea-ceb62ef=9e4b5564-7902-4fef-8d94-62f49ea19eab; R_PCS=light; R_LOCALE=en-us; R_USERNAME=admin\r\nSec-Ch-Ua: \"Not_A Brand\";v=\"99\", \"Google Chrome\";v=\"109\", \"Chromium\";v=\"109\"\r\nSec-Ch-Ua-Mobile: ?0\r\nSec-Ch-Ua-Platform: \"Windows\"\r\nSec-Fetch-Dest: document\r\nSec-Fetch-Mode: navigate\r\nSec-Fetch-Site: none\r\nSec-Fetch-User: ?1\r\nUpgrade-Insecure-Requests: 1\r\nUser-Agent: Mozilla/5.0 (Windows NT 10.0; Win64; x64) AppleWebKit/537.36 (KHTML, like Gecko) Chrome/109.0.0.0 Safari/537.36\r\n\r\n","stack":"goroutine 26 [running]:\nruntime/debug.Stack()\n\tD:/Users/shalo/gosdk/go1.19.2/src/runtime/debug/stack.go:24 +0x7a\ndemo/src/logger.GinRecovery.func1.1()\n\tC:/Users/shalo/go/src/demo/src/logger/logger.go:119 +0x6c9\npanic({0x1252c80, 0xc000118a08})\n\tD:/Users/shalo/gosdk/go1.19.2/src/runtime/panic.go:890 +0x267\nreflect.valueInterface({0x0, 0x0, 0x0}, 0x1)\n\tD:/Users/shalo/gosdk/go1.19.2/src/reflect/value.go:1483 +0x27a\nreflect.Value.Interface({0x0, 0x0, 0x0})\n\tD:/Users/shalo/gosdk/go1.19.2/src/reflect/value.go:1478 +0x45\ngithub.com/gin-gonic/gin/binding.(*defaultValidator).ValidateStruct(0x178b4b0, {0x1211920, 0x0})\n\tC:/Users/shalo/go/pkg/mod/github.com/gin-gonic/gin@v1.8.1/binding/default_validator.go:57 +0xf4\ngithub.com/gin-gonic/gin/binding.(*defaultValidator).ValidateStruct(0x178b4b0, {0x120ee60, 0xc000140210})\n\tC:/Users/shalo/go/pkg/mod/github.com/gin-gonic/gin@v1.8.1/binding/default_validator.go:57 +0x11a\ngithub.com/gin-gonic/gin/binding.validate({0x120ee60, 0xc000140210})\n\tC:/Users/shalo/go/pkg/mod/github.com/gin-gonic/gin@v1.8.1/binding/binding.go:121 +0x54\ngithub.com/gin-gonic/gin/binding.queryBinding.Bind({}, 0xc0000d6100, {0x120ee60, 0xc000140210})\n\tC:/Users/shalo/go/pkg/mod/github.com/gin-gonic/gin@v1.8.1/binding/query.go:20 +0x9e\ngithub.com/gin-gonic/gin.(*Context).ShouldBindWith(0xc0000d6200, {0x120ee60, 0xc000140210}, {0x13af678, 0x17e47f0})\n\tC:/Users/shalo/go/pkg/mod/github.com/gin-gonic/gin@v1.8.1/context.go:725 +0x5f\ngithub.com/gin-gonic/gin.(*Context).MustBindWith(0xc0000d6200, {0x120ee60, 0xc000140210}, {0x13af678, 0x17e47f0})\n\tC:/Users/shalo/go/pkg/mod/github.com/gin-gonic/gin@v1.8.1/context.go:664 +0x5b\ngithub.com/gin-gonic/gin.(*Context).BindQuery(0xc0000d6200, {0x120ee60, 0xc000140210})\n\tC:/Users/shalo/go/pkg/mod/github.com/gin-gonic/gin@v1.8.1/context.go:632 +0x4b\ndemo/src/router.getKLine(0xc0000d6200)\n\tC:/Users/shalo/go/src/demo/src/router/router_kline.go:10 +0x6f\ngithub.com/gin-gonic/gin.(*Context).Next(0xc0000d6200)\n\tC:/Users/shalo/go/pkg/mod/github.com/gin-gonic/gin@v1.8.1/context.go:173 +0x7d\ndemo/src/logger.GinRecovery.func1(0xc0000d6200)\n\tC:/Users/shalo/go/src/demo/src/logger/logger.go:130 +0x8c\ngithub.com/gin-gonic/gin.(*Context).Next(0xc0000d6200)\n\tC:/Users/shalo/go/pkg/mod/github.com/gin-gonic/gin@v1.8.1/context.go:173 +0x7d\ndemo/src/logger.GinLogger.func1(0xc0000d6200)\n\tC:/Users/shalo/go/src/demo/src/logger/logger.go:71 +0xab\ngithub.com/gin-gonic/gin.(*Context).Next(0xc0000d6200)\n\tC:/Users/shalo/go/pkg/mod/github.com/gin-gonic/gin@v1.8.1/context.go:173 +0x7d\ngithub.com/gin-gonic/gin.(*Engine).handleHTTPRequest(0xc000442000, 0xc0000d6200)\n\tC:/Users/shalo/go/pkg/mod/github.com/gin-gonic/gin@v1.8.1/gin.go:616 +0x434\ngithub.com/gin-gonic/gin.(*Engine).ServeHTTP(0xc000442000, {0x13b0388, 0xc0003da0e0}, 0xc0000d6100)\n\tC:/Users/shalo/go/pkg/mod/github.com/gin-gonic/gin@v1.8.1/gin.go:572 +0xc5\nnet/http.serverHandler.ServeHTTP({0xc0005be690}, {0x13b0388, 0xc0003da0e0}, 0xc0000d6100)\n\tD:/Users/shalo/gosdk/go1.19.2/src/net/http/server.go:2947 +0x474\nnet/http.(*conn).serve(0xc00046a0a0, {0x13b0f70, 0xc000078500})\n\tD:/Users/shalo/gosdk/go1.19.2/src/net/http/server.go:1991 +0x195c\ncreated by net/http.(*Server).Serve\n\tD:/Users/shalo/gosdk/go1.19.2/src/net/http/server.go:3102 +0x9e5\n"}
{"level":"INFO","time":"2022-11-24T23:04:17.170+0800","caller":"logger/logger.go:74","msg":"/v1/kline","status":500,"method":"GET","path":"/v1/kline","query":"symbol=1&period=1","ip":"127.0.0.1","user-agent":"Mozilla/5.0 (Windows NT 10.0; Win64; x64) AppleWebKit/537.36 (KHTML, like Gecko) Chrome/109.0.0.0 Safari/537.36","errors":"","cost":0.0009216}
{"level":"ERROR","time":"2022-11-24T23:04:38.054+0800","caller":"logger/logger.go:116","msg":"[Recovery from panic]","error":"reflect: call of reflect.Value.Interface on zero Value","request":"GET /v1/kline?symbol=1&period=1 HTTP/1.1\r\nHost: localhost:8080\r\nAccept: text/html,application/xhtml+xml,application/xml;q=0.9,image/avif,image/webp,image/apng,*/*;q=0.8,application/signed-exchange;v=b3;q=0.9\r\nAccept-Encoding: gzip, deflate, br\r\nAccept-Language: zh-CN,zh;q=0.9,en;q=0.8\r\nCache-Control: max-age=0\r\nConnection: keep-alive\r\nCookie: Idea-ceb62ef=9e4b5564-7902-4fef-8d94-62f49ea19eab; R_PCS=light; R_LOCALE=en-us; R_USERNAME=admin\r\nSec-Ch-Ua: \"Not_A Brand\";v=\"99\", \"Google Chrome\";v=\"109\", \"Chromium\";v=\"109\"\r\nSec-Ch-Ua-Mobile: ?0\r\nSec-Ch-Ua-Platform: \"Windows\"\r\nSec-Fetch-Dest: document\r\nSec-Fetch-Mode: navigate\r\nSec-Fetch-Site: none\r\nSec-Fetch-User: ?1\r\nUpgrade-Insecure-Requests: 1\r\nUser-Agent: Mozilla/5.0 (Windows NT 10.0; Win64; x64) AppleWebKit/537.36 (KHTML, like Gecko) Chrome/109.0.0.0 Safari/537.36\r\n\r\n","stack":"goroutine 28 [running]:\nruntime/debug.Stack()\n\tD:/Users/shalo/gosdk/go1.19.2/src/runtime/debug/stack.go:24 +0x7a\ndemo/src/logger.GinRecovery.func1.1()\n\tC:/Users/shalo/go/src/demo/src/logger/logger.go:119 +0x6c9\npanic({0x1252c80, 0xc000008138})\n\tD:/Users/shalo/gosdk/go1.19.2/src/runtime/panic.go:890 +0x267\nreflect.valueInterface({0x0, 0x0, 0x0}, 0x1)\n\tD:/Users/shalo/gosdk/go1.19.2/src/reflect/value.go:1483 +0x27a\nreflect.Value.Interface({0x0, 0x0, 0x0})\n\tD:/Users/shalo/gosdk/go1.19.2/src/reflect/value.go:1478 +0x45\ngithub.com/gin-gonic/gin/binding.(*defaultValidator).ValidateStruct(0x178b4b0, {0x1211920, 0x0})\n\tC:/Users/shalo/go/pkg/mod/github.com/gin-gonic/gin@v1.8.1/binding/default_validator.go:57 +0xf4\ngithub.com/gin-gonic/gin/binding.(*defaultValidator).ValidateStruct(0x178b4b0, {0x120ee60, 0xc00000a0f0})\n\tC:/Users/shalo/go/pkg/mod/github.com/gin-gonic/gin@v1.8.1/binding/default_validator.go:57 +0x11a\ngithub.com/gin-gonic/gin/binding.validate({0x120ee60, 0xc00000a0f0})\n\tC:/Users/shalo/go/pkg/mod/github.com/gin-gonic/gin@v1.8.1/binding/binding.go:121 +0x54\ngithub.com/gin-gonic/gin/binding.queryBinding.Bind({}, 0xc00007c900, {0x120ee60, 0xc00000a0f0})\n\tC:/Users/shalo/go/pkg/mod/github.com/gin-gonic/gin@v1.8.1/binding/query.go:20 +0x9e\ngithub.com/gin-gonic/gin.(*Context).ShouldBindWith(0xc00007c600, {0x120ee60, 0xc00000a0f0}, {0x13af678, 0x17e47f0})\n\tC:/Users/shalo/go/pkg/mod/github.com/gin-gonic/gin@v1.8.1/context.go:725 +0x5f\ngithub.com/gin-gonic/gin.(*Context).MustBindWith(0xc00007c600, {0x120ee60, 0xc00000a0f0}, {0x13af678, 0x17e47f0})\n\tC:/Users/shalo/go/pkg/mod/github.com/gin-gonic/gin@v1.8.1/context.go:664 +0x5b\ngithub.com/gin-gonic/gin.(*Context).BindQuery(0xc00007c600, {0x120ee60, 0xc00000a0f0})\n\tC:/Users/shalo/go/pkg/mod/github.com/gin-gonic/gin@v1.8.1/context.go:632 +0x4b\ndemo/src/router.getKLine(0xc00007c600)\n\tC:/Users/shalo/go/src/demo/src/router/router_kline.go:10 +0x6f\ngithub.com/gin-gonic/gin.(*Context).Next(0xc00007c600)\n\tC:/Users/shalo/go/pkg/mod/github.com/gin-gonic/gin@v1.8.1/context.go:173 +0x7d\ndemo/src/logger.GinRecovery.func1(0xc00007c600)\n\tC:/Users/shalo/go/src/demo/src/logger/logger.go:130 +0x8c\ngithub.com/gin-gonic/gin.(*Context).Next(0xc00007c600)\n\tC:/Users/shalo/go/pkg/mod/github.com/gin-gonic/gin@v1.8.1/context.go:173 +0x7d\ndemo/src/logger.GinLogger.func1(0xc00007c600)\n\tC:/Users/shalo/go/src/demo/src/logger/logger.go:71 +0xab\ngithub.com/gin-gonic/gin.(*Context).Next(0xc00007c600)\n\tC:/Users/shalo/go/pkg/mod/github.com/gin-gonic/gin@v1.8.1/context.go:173 +0x7d\ngithub.com/gin-gonic/gin.(*Engine).handleHTTPRequest(0xc000442000, 0xc00007c600)\n\tC:/Users/shalo/go/pkg/mod/github.com/gin-gonic/gin@v1.8.1/gin.go:616 +0x434\ngithub.com/gin-gonic/gin.(*Engine).ServeHTTP(0xc000442000, {0x13b0388, 0xc00074c1c0}, 0xc00007c900)\n\tC:/Users/shalo/go/pkg/mod/github.com/gin-gonic/gin@v1.8.1/gin.go:572 +0xc5\nnet/http.serverHandler.ServeHTTP({0xc0005be690}, {0x13b0388, 0xc00074c1c0}, 0xc00007c900)\n\tD:/Users/shalo/gosdk/go1.19.2/src/net/http/server.go:2947 +0x474\nnet/http.(*conn).serve(0xc00046a320, {0x13b0f70, 0xc000078900})\n\tD:/Users/shalo/gosdk/go1.19.2/src/net/http/server.go:1991 +0x195c\ncreated by net/http.(*Server).Serve\n\tD:/Users/shalo/gosdk/go1.19.2/src/net/http/server.go:3102 +0x9e5\n"}
{"level":"INFO","time":"2022-11-24T23:04:38.055+0800","caller":"logger/logger.go:74","msg":"/v1/kline","status":500,"method":"GET","path":"/v1/kline","query":"symbol=1&period=1","ip":"127.0.0.1","user-agent":"Mozilla/5.0 (Windows NT 10.0; Win64; x64) AppleWebKit/537.36 (KHTML, like Gecko) Chrome/109.0.0.0 Safari/537.36","errors":"","cost":11.2921236}
{"level":"INFO","time":"2022-11-24T23:08:01.086+0800","caller":"logger/logger.go:38","msg":"http server listening on: 127.0.0.1:8080"}
{"level":"INFO","time":"2022-11-24T23:08:01.086+0800","caller":"logger/logger.go:38","msg":"started"}
{"level":"INFO","time":"2022-11-24T23:08:04.360+0800","caller":"logger/logger.go:74","msg":"/v1/kline","status":200,"method":"GET","path":"/v1/kline","query":"symbol=1&period=1","ip":"127.0.0.1","user-agent":"Mozilla/5.0 (Windows NT 10.0; Win64; x64) AppleWebKit/537.36 (KHTML, like Gecko) Chrome/109.0.0.0 Safari/537.36","errors":"","cost":0.0004279}
{"level":"INFO","time":"2022-11-24T23:08:04.439+0800","caller":"logger/logger.go:74","msg":"/favicon.ico","status":404,"method":"GET","path":"/favicon.ico","query":"","ip":"127.0.0.1","user-agent":"Mozilla/5.0 (Windows NT 10.0; Win64; x64) AppleWebKit/537.36 (KHTML, like Gecko) Chrome/109.0.0.0 Safari/537.36","errors":"","cost":0}
{"level":"INFO","time":"2022-11-24T23:12:29.310+0800","caller":"logger/logger.go:38","msg":"started"}
{"level":"INFO","time":"2022-11-24T23:12:29.310+0800","caller":"logger/logger.go:38","msg":"http server listening on: 127.0.0.1:8080"}
{"level":"INFO","time":"2022-11-24T23:12:31.824+0800","caller":"logger/logger.go:74","msg":"/v1/kline","status":200,"method":"GET","path":"/v1/kline","query":"symbol=1&period=1","ip":"127.0.0.1","user-agent":"Mozilla/5.0 (Windows NT 10.0; Win64; x64) AppleWebKit/537.36 (KHTML, like Gecko) Chrome/109.0.0.0 Safari/537.36","errors":"","cost":0}
{"level":"INFO","time":"2022-11-24T23:30:57.862+0800","caller":"logger/logger.go:38","msg":"started"}
{"level":"INFO","time":"2022-11-24T23:30:57.862+0800","caller":"logger/logger.go:38","msg":"http server listening on: 127.0.0.1:8080"}
{"level":"INFO","time":"2022-11-24T23:31:05.324+0800","caller":"logger/logger.go:74","msg":"/v1/kline","status":200,"method":"GET","path":"/v1/kline","query":"symbol=1&period=1","ip":"127.0.0.1","user-agent":"Mozilla/5.0 (Windows NT 10.0; Win64; x64) AppleWebKit/537.36 (KHTML, like Gecko) Chrome/109.0.0.0 Safari/537.36","errors":"","cost":0.0004016}
{"level":"INFO","time":"2022-11-24T23:33:32.099+0800","caller":"logger/logger.go:38","msg":"http server listening on: 127.0.0.1:8080"}
{"level":"INFO","time":"2022-11-24T23:33:32.099+0800","caller":"logger/logger.go:38","msg":"started"}
{"level":"INFO","time":"2022-11-24T23:33:34.585+0800","caller":"logger/logger.go:74","msg":"/v1/kline","status":200,"method":"GET","path":"/v1/kline","query":"symbol=1&period=1","ip":"127.0.0.1","user-agent":"Mozilla/5.0 (Windows NT 10.0; Win64; x64) AppleWebKit/537.36 (KHTML, like Gecko) Chrome/109.0.0.0 Safari/537.36","errors":"","cost":0}
{"level":"INFO","time":"2022-11-24T23:58:57.760+0800","caller":"logger/logger.go:38","msg":"http server listening on: 127.0.0.1:8080"}
{"level":"INFO","time":"2022-11-24T23:58:57.760+0800","caller":"logger/logger.go:38","msg":"started"}
{"level":"ERROR","time":"2022-11-24T23:59:01.530+0800","caller":"logger/logger.go:116","msg":"[Recovery from panic]","error":"reflect: call of reflect.Value.Interface on zero Value","request":"GET /v1/kline?symbol=1&period=1 HTTP/1.1\r\nHost: localhost:8080\r\nAccept: text/html,application/xhtml+xml,application/xml;q=0.9,image/avif,image/webp,image/apng,*/*;q=0.8,application/signed-exchange;v=b3;q=0.9\r\nAccept-Encoding: gzip, deflate, br\r\nAccept-Language: zh-CN,zh;q=0.9,en;q=0.8\r\nCache-Control: max-age=0\r\nConnection: keep-alive\r\nCookie: Idea-ceb62ef=9e4b5564-7902-4fef-8d94-62f49ea19eab; R_PCS=light; R_LOCALE=en-us; R_USERNAME=admin\r\nSec-Ch-Ua: \"Not_A Brand\";v=\"99\", \"Google Chrome\";v=\"109\", \"Chromium\";v=\"109\"\r\nSec-Ch-Ua-Mobile: ?0\r\nSec-Ch-Ua-Platform: \"Windows\"\r\nSec-Fetch-Dest: document\r\nSec-Fetch-Mode: navigate\r\nSec-Fetch-Site: none\r\nSec-Fetch-User: ?1\r\nUpgrade-Insecure-Requests: 1\r\nUser-Agent: Mozilla/5.0 (Windows NT 10.0; Win64; x64) AppleWebKit/537.36 (KHTML, like Gecko) Chrome/109.0.0.0 Safari/537.36\r\n\r\n","stack":"goroutine 24 [running]:\nruntime/debug.Stack()\n\tD:/Users/shalo/gosdk/go1.19.2/src/runtime/debug/stack.go:24 +0x65\ndemo/src/logger.GinRecovery.func1.1()\n\tC:/Users/shalo/go/src/demo/src/logger/logger.go:119 +0x2cc\npanic({0xfbbe00, 0xc00008a090})\n\tD:/Users/shalo/gosdk/go1.19.2/src/runtime/panic.go:884 +0x212\nreflect.valueInterface({0x0?, 0x0?, 0xc00062de60?}, 0x20?)\n\tD:/Users/shalo/gosdk/go1.19.2/src/reflect/value.go:1483 +0x10e\nreflect.Value.Interface(...)\n\tD:/Users/shalo/gosdk/go1.19.2/src/reflect/value.go:1478\ngithub.com/gin-gonic/gin/binding.(*defaultValidator).ValidateStruct(0xf7b1a0?, {0xf7b1a0?, 0x0?})\n\tC:/Users/shalo/go/pkg/mod/github.com/gin-gonic/gin@v1.8.1/binding/default_validator.go:57 +0xf2\ngithub.com/gin-gonic/gin/binding.(*defaultValidator).ValidateStruct(0xf786e0?, {0xf786e0?, 0xc00008e020?})\n\tC:/Users/shalo/go/pkg/mod/github.com/gin-gonic/gin@v1.8.1/binding/default_validator.go:57 +0x105\ngithub.com/gin-gonic/gin/binding.validate(...)\n\tC:/Users/shalo/go/pkg/mod/github.com/gin-gonic/gin@v1.8.1/binding/binding.go:121\ngithub.com/gin-gonic/gin/binding.formBinding.Bind({}, 0xc00049a300, {0xf786e0, 0xc00008e020})\n\tC:/Users/shalo/go/pkg/mod/github.com/gin-gonic/gin@v1.8.1/binding/form.go:32 +0xc2\ngithub.com/gin-gonic/gin.(*Context).ShouldBindWith(...)\n\tC:/Users/shalo/go/pkg/mod/github.com/gin-gonic/gin@v1.8.1/context.go:725\ngithub.com/gin-gonic/gin.(*Context).MustBindWith(0xc0000ae100, {0xf786e0?, 0xc00008e020?}, {0x11927b8?, 0x163e830?})\n\tC:/Users/shalo/go/pkg/mod/github.com/gin-gonic/gin@v1.8.1/context.go:664 +0x47\ngithub.com/gin-gonic/gin.(*Context).Bind(0xc0000ae100, {0xf786e0, 0xc00008e020})\n\tC:/Users/shalo/go/pkg/mod/github.com/gin-gonic/gin@v1.8.1/context.go:617 +0x265\ndemo/src/router.getKLine(0xaf9ac7?)\n\tC:/Users/shalo/go/src/demo/src/router/router_kline.go:9 +0x45\ngithub.com/gin-gonic/gin.(*Context).Next(...)\n\tC:/Users/shalo/go/pkg/mod/github.com/gin-gonic/gin@v1.8.1/context.go:173\ndemo/src/logger.GinRecovery.func1(0xc0000ae100)\n\tC:/Users/shalo/go/src/demo/src/logger/logger.go:130 +0x76\ngithub.com/gin-gonic/gin.(*Context).Next(...)\n\tC:/Users/shalo/go/pkg/mod/github.com/gin-gonic/gin@v1.8.1/context.go:173\ndemo/src/logger.GinLogger.func1(0xc0000ae100)\n\tC:/Users/shalo/go/src/demo/src/logger/logger.go:71 +0xa2\ngithub.com/gin-gonic/gin.(*Context).Next(...)\n\tC:/Users/shalo/go/pkg/mod/github.com/gin-gonic/gin@v1.8.1/context.go:173\ngithub.com/gin-gonic/gin.(*Engine).handleHTTPRequest(0xc000084820, 0xc0000ae100)\n\tC:/Users/shalo/go/pkg/mod/github.com/gin-gonic/gin@v1.8.1/gin.go:616 +0x671\ngithub.com/gin-gonic/gin.(*Engine).ServeHTTP(0xc000084820, {0x11935b8?, 0xc0000ec000}, 0xc00049a300)\n\tC:/Users/shalo/go/pkg/mod/github.com/gin-gonic/gin@v1.8.1/gin.go:572 +0x1dd\nnet/http.serverHandler.ServeHTTP({0xc000494990?}, {0x11935b8, 0xc0000ec000}, 0xc00049a300)\n\tD:/Users/shalo/gosdk/go1.19.2/src/net/http/server.go:2947 +0x30c\nnet/http.(*conn).serve(0xc00065f680, {0x11941e0, 0xc000400660})\n\tD:/Users/shalo/gosdk/go1.19.2/src/net/http/server.go:1991 +0x607\ncreated by net/http.(*Server).Serve\n\tD:/Users/shalo/gosdk/go1.19.2/src/net/http/server.go:3102 +0x4db\n"}
{"level":"INFO","time":"2022-11-24T23:59:01.531+0800","caller":"logger/logger.go:74","msg":"/v1/kline","status":500,"method":"GET","path":"/v1/kline","query":"symbol=1&period=1","ip":"127.0.0.1","user-agent":"Mozilla/5.0 (Windows NT 10.0; Win64; x64) AppleWebKit/537.36 (KHTML, like Gecko) Chrome/109.0.0.0 Safari/537.36","errors":"","cost":0.0005573}
{"level":"INFO","time":"2022-11-25T00:01:50.073+0800","caller":"logger/logger.go:38","msg":"started"}
{"level":"INFO","time":"2022-11-25T00:01:50.073+0800","caller":"logger/logger.go:38","msg":"http server listening on: 127.0.0.1:8080"}
{"level":"ERROR","time":"2022-11-25T00:01:59.083+0800","caller":"logger/logger.go:116","msg":"[Recovery from panic]","error":"reflect: call of reflect.Value.Interface on zero Value","request":"GET /v1/kline?symbol=1&period=1 HTTP/1.1\r\nHost: localhost:8080\r\nAccept: text/html,application/xhtml+xml,application/xml;q=0.9,image/avif,image/webp,image/apng,*/*;q=0.8,application/signed-exchange;v=b3;q=0.9\r\nAccept-Encoding: gzip, deflate, br\r\nAccept-Language: zh-CN,zh;q=0.9,en;q=0.8\r\nCache-Control: max-age=0\r\nConnection: keep-alive\r\nCookie: Idea-ceb62ef=9e4b5564-7902-4fef-8d94-62f49ea19eab; R_PCS=light; R_LOCALE=en-us; R_USERNAME=admin\r\nSec-Ch-Ua: \"Not_A Brand\";v=\"99\", \"Google Chrome\";v=\"109\", \"Chromium\";v=\"109\"\r\nSec-Ch-Ua-Mobile: ?0\r\nSec-Ch-Ua-Platform: \"Windows\"\r\nSec-Fetch-Dest: document\r\nSec-Fetch-Mode: navigate\r\nSec-Fetch-Site: none\r\nSec-Fetch-User: ?1\r\nUpgrade-Insecure-Requests: 1\r\nUser-Agent: Mozilla/5.0 (Windows NT 10.0; Win64; x64) AppleWebKit/537.36 (KHTML, like Gecko) Chrome/109.0.0.0 Safari/537.36\r\n\r\n","stack":"goroutine 27 [running]:\nruntime/debug.Stack()\n\tD:/Users/shalo/gosdk/go1.19.2/src/runtime/debug/stack.go:24 +0x7a\ndemo/src/logger.GinRecovery.func1.1()\n\tC:/Users/shalo/go/src/demo/src/logger/logger.go:119 +0x6c9\npanic({0x13b2cc0, 0xc000008bb8})\n\tD:/Users/shalo/gosdk/go1.19.2/src/runtime/panic.go:890 +0x267\nreflect.valueInterface({0x0, 0x0, 0x0}, 0x1)\n\tD:/Users/shalo/gosdk/go1.19.2/src/reflect/value.go:1483 +0x27a\nreflect.Value.Interface({0x0, 0x0, 0x0})\n\tD:/Users/shalo/gosdk/go1.19.2/src/reflect/value.go:1478 +0x45\ngithub.com/gin-gonic/gin/binding.(*defaultValidator).ValidateStruct(0x18eb4b0, {0x1371960, 0x0})\n\tC:/Users/shalo/go/pkg/mod/github.com/gin-gonic/gin@v1.8.1/binding/default_validator.go:57 +0xf4\ngithub.com/gin-gonic/gin/binding.(*defaultValidator).ValidateStruct(0x18eb4b0, {0x136eea0, 0xc00048e050})\n\tC:/Users/shalo/go/pkg/mod/github.com/gin-gonic/gin@v1.8.1/binding/default_validator.go:57 +0x11a\ngithub.com/gin-gonic/gin/binding.validate({0x136eea0, 0xc00048e050})\n\tC:/Users/shalo/go/pkg/mod/github.com/gin-gonic/gin@v1.8.1/binding/binding.go:121 +0x54\ngithub.com/gin-gonic/gin/binding.queryBinding.Bind({}, 0xc0004ce000, {0x136eea0, 0xc00048e050})\n\tC:/Users/shalo/go/pkg/mod/github.com/gin-gonic/gin@v1.8.1/binding/query.go:20 +0x9e\ngithub.com/gin-gonic/gin.(*Context).ShouldBindWith(0xc0001da300, {0x136eea0, 0xc00048e050}, {0x150f6d8, 0x19447f0})\n\tC:/Users/shalo/go/pkg/mod/github.com/gin-gonic/gin@v1.8.1/context.go:725 +0x5f\ngithub.com/gin-gonic/gin.(*Context).ShouldBindQuery(0xc0001da300, {0x136eea0, 0xc00048e050})\n\tC:/Users/shalo/go/pkg/mod/github.com/gin-gonic/gin@v1.8.1/context.go:695 +0x4b\ndemo/src/router.getKLine(0xc0001da300)\n\tC:/Users/shalo/go/src/demo/src/router/router_kline.go:9 +0x69\ngithub.com/gin-gonic/gin.(*Context).Next(0xc0001da300)\n\tC:/Users/shalo/go/pkg/mod/github.com/gin-gonic/gin@v1.8.1/context.go:173 +0x7d\ndemo/src/logger.GinRecovery.func1(0xc0001da300)\n\tC:/Users/shalo/go/src/demo/src/logger/logger.go:130 +0x8c\ngithub.com/gin-gonic/gin.(*Context).Next(0xc0001da300)\n\tC:/Users/shalo/go/pkg/mod/github.com/gin-gonic/gin@v1.8.1/context.go:173 +0x7d\ndemo/src/logger.GinLogger.func1(0xc0001da300)\n\tC:/Users/shalo/go/src/demo/src/logger/logger.go:71 +0xab\ngithub.com/gin-gonic/gin.(*Context).Next(0xc0001da300)\n\tC:/Users/shalo/go/pkg/mod/github.com/gin-gonic/gin@v1.8.1/context.go:173 +0x7d\ngithub.com/gin-gonic/gin.(*Engine).handleHTTPRequest(0xc000084340, 0xc0001da300)\n\tC:/Users/shalo/go/pkg/mod/github.com/gin-gonic/gin@v1.8.1/gin.go:616 +0x434\ngithub.com/gin-gonic/gin.(*Engine).ServeHTTP(0xc000084340, {0x15103e8, 0xc000738000}, 0xc0004ce000)\n\tC:/Users/shalo/go/pkg/mod/github.com/gin-gonic/gin@v1.8.1/gin.go:572 +0xc5\nnet/http.serverHandler.ServeHTTP({0xc000552e10}, {0x15103e8, 0xc000738000}, 0xc0004ce000)\n\tD:/Users/shalo/gosdk/go1.19.2/src/net/http/server.go:2947 +0x474\nnet/http.(*conn).serve(0xc0003fa280, {0x1510fd0, 0xc0006d0ac0})\n\tD:/Users/shalo/gosdk/go1.19.2/src/net/http/server.go:1991 +0x195c\ncreated by net/http.(*Server).Serve\n\tD:/Users/shalo/gosdk/go1.19.2/src/net/http/server.go:3102 +0x9e5\n"}
{"level":"INFO","time":"2022-11-25T00:01:59.084+0800","caller":"logger/logger.go:74","msg":"/v1/kline","status":500,"method":"GET","path":"/v1/kline","query":"symbol=1&period=1","ip":"127.0.0.1","user-agent":"Mozilla/5.0 (Windows NT 10.0; Win64; x64) AppleWebKit/537.36 (KHTML, like Gecko) Chrome/109.0.0.0 Safari/537.36","errors":"","cost":3.9159014}
{"level":"INFO","time":"2022-11-25T00:14:12.868+0800","caller":"logger/logger.go:38","msg":"started"}
{"level":"INFO","time":"2022-11-25T00:14:12.868+0800","caller":"logger/logger.go:38","msg":"http server listening on: 127.0.0.1:8080"}
{"level":"ERROR","time":"2022-11-25T00:14:16.814+0800","caller":"logger/logger.go:116","msg":"[Recovery from panic]","error":"reflect: call of reflect.Value.Interface on zero Value","request":"GET /v1/kline?symbol=1&period=1 HTTP/1.1\r\nHost: localhost:8080\r\nAccept: text/html,application/xhtml+xml,application/xml;q=0.9,image/avif,image/webp,image/apng,*/*;q=0.8,application/signed-exchange;v=b3;q=0.9\r\nAccept-Encoding: gzip, deflate, br\r\nAccept-Language: zh-CN,zh;q=0.9,en;q=0.8\r\nCache-Control: max-age=0\r\nConnection: keep-alive\r\nCookie: Idea-ceb62ef=9e4b5564-7902-4fef-8d94-62f49ea19eab; R_PCS=light; R_LOCALE=en-us; R_USERNAME=admin\r\nSec-Ch-Ua: \"Not_A Brand\";v=\"99\", \"Google Chrome\";v=\"109\", \"Chromium\";v=\"109\"\r\nSec-Ch-Ua-Mobile: ?0\r\nSec-Ch-Ua-Platform: \"Windows\"\r\nSec-Fetch-Dest: document\r\nSec-Fetch-Mode: navigate\r\nSec-Fetch-Site: none\r\nSec-Fetch-User: ?1\r\nUpgrade-Insecure-Requests: 1\r\nUser-Agent: Mozilla/5.0 (Windows NT 10.0; Win64; x64) AppleWebKit/537.36 (KHTML, like Gecko) Chrome/109.0.0.0 Safari/537.36\r\n\r\n","stack":"goroutine 46 [running]:\nruntime/debug.Stack()\n\tD:/Users/shalo/gosdk/go1.19.2/src/runtime/debug/stack.go:24 +0x7a\ndemo/src/logger.GinRecovery.func1.1()\n\tC:/Users/shalo/go/src/demo/src/logger/logger.go:119 +0x6c9\npanic({0x16e2c80, 0xc000480030})\n\tD:/Users/shalo/gosdk/go1.19.2/src/runtime/panic.go:890 +0x267\nreflect.valueInterface({0x0, 0x0, 0x0}, 0x1)\n\tD:/Users/shalo/gosdk/go1.19.2/src/reflect/value.go:1483 +0x27a\nreflect.Value.Interface({0x0, 0x0, 0x0})\n\tD:/Users/shalo/gosdk/go1.19.2/src/reflect/value.go:1478 +0x45\ngithub.com/gin-gonic/gin/binding.(*defaultValidator).ValidateStruct(0x1c1b4b0, {0x16a1920, 0x0})\n\tC:/Users/shalo/go/pkg/mod/github.com/gin-gonic/gin@v1.8.1/binding/default_validator.go:57 +0xf4\ngithub.com/gin-gonic/gin/binding.(*defaultValidator).ValidateStruct(0x1c1b4b0, {0x169ee60, 0xc00040a020})\n\tC:/Users/shalo/go/pkg/mod/github.com/gin-gonic/gin@v1.8.1/binding/default_validator.go:57 +0x11a\ngithub.com/gin-gonic/gin/binding.validate({0x169ee60, 0xc00040a020})\n\tC:/Users/shalo/go/pkg/mod/github.com/gin-gonic/gin@v1.8.1/binding/binding.go:121 +0x54\ngithub.com/gin-gonic/gin/binding.queryBinding.Bind({}, 0xc000418100, {0x169ee60, 0xc00040a020})\n\tC:/Users/shalo/go/pkg/mod/github.com/gin-gonic/gin@v1.8.1/binding/query.go:20 +0x9e\ngithub.com/gin-gonic/gin.(*Context).ShouldBindWith(0xc0003fa100, {0x169ee60, 0xc00040a020}, {0x183f658, 0x1c747f0})\n\tC:/Users/shalo/go/pkg/mod/github.com/gin-gonic/gin@v1.8.1/context.go:725 +0x5f\ngithub.com/gin-gonic/gin.(*Context).ShouldBindQuery(0xc0003fa100, {0x169ee60, 0xc00040a020})\n\tC:/Users/shalo/go/pkg/mod/github.com/gin-gonic/gin@v1.8.1/context.go:695 +0x4b\ndemo/src/router.getKLine(0xc0003fa100)\n\tC:/Users/shalo/go/src/demo/src/router/router_kline.go:9 +0x69\ngithub.com/gin-gonic/gin.(*Context).Next(0xc0003fa100)\n\tC:/Users/shalo/go/pkg/mod/github.com/gin-gonic/gin@v1.8.1/context.go:173 +0x7d\ndemo/src/logger.GinRecovery.func1(0xc0003fa100)\n\tC:/Users/shalo/go/src/demo/src/logger/logger.go:130 +0x8c\ngithub.com/gin-gonic/gin.(*Context).Next(0xc0003fa100)\n\tC:/Users/shalo/go/pkg/mod/github.com/gin-gonic/gin@v1.8.1/context.go:173 +0x7d\ndemo/src/logger.GinLogger.func1(0xc0003fa100)\n\tC:/Users/shalo/go/src/demo/src/logger/logger.go:71 +0xab\ngithub.com/gin-gonic/gin.(*Context).Next(0xc0003fa100)\n\tC:/Users/shalo/go/pkg/mod/github.com/gin-gonic/gin@v1.8.1/context.go:173 +0x7d\ngithub.com/gin-gonic/gin.(*Engine).handleHTTPRequest(0xc0000851e0, 0xc0003fa100)\n\tC:/Users/shalo/go/pkg/mod/github.com/gin-gonic/gin@v1.8.1/gin.go:616 +0x434\ngithub.com/gin-gonic/gin.(*Engine).ServeHTTP(0xc0000851e0, {0x1840368, 0xc0000aa000}, 0xc000418100)\n\tC:/Users/shalo/go/pkg/mod/github.com/gin-gonic/gin@v1.8.1/gin.go:572 +0xc5\nnet/http.serverHandler.ServeHTTP({0xc000602e10}, {0x1840368, 0xc0000aa000}, 0xc000418100)\n\tD:/Users/shalo/gosdk/go1.19.2/src/net/http/server.go:2947 +0x474\nnet/http.(*conn).serve(0xc0000be320, {0x1840f50, 0xc00040c040})\n\tD:/Users/shalo/gosdk/go1.19.2/src/net/http/server.go:1991 +0x195c\ncreated by net/http.(*Server).Serve\n\tD:/Users/shalo/gosdk/go1.19.2/src/net/http/server.go:3102 +0x9e5\n"}
{"level":"INFO","time":"2022-11-25T00:14:16.814+0800","caller":"logger/logger.go:74","msg":"/v1/kline","status":500,"method":"GET","path":"/v1/kline","query":"symbol=1&period=1","ip":"127.0.0.1","user-agent":"Mozilla/5.0 (Windows NT 10.0; Win64; x64) AppleWebKit/537.36 (KHTML, like Gecko) Chrome/109.0.0.0 Safari/537.36","errors":"","cost":0.0005495}
{"level":"INFO","time":"2022-11-25T00:14:38.857+0800","caller":"logger/logger.go:38","msg":"started"}
{"level":"INFO","time":"2022-11-25T00:14:38.857+0800","caller":"logger/logger.go:38","msg":"http server listening on: 127.0.0.1:8080"}
{"level":"ERROR","time":"2022-11-25T00:14:40.418+0800","caller":"logger/logger.go:116","msg":"[Recovery from panic]","error":"reflect: call of reflect.Value.Interface on zero Value","request":"GET /v1/kline?symbol=1&period=1 HTTP/1.1\r\nHost: localhost:8080\r\nAccept: text/html,application/xhtml+xml,application/xml;q=0.9,image/avif,image/webp,image/apng,*/*;q=0.8,application/signed-exchange;v=b3;q=0.9\r\nAccept-Encoding: gzip, deflate, br\r\nAccept-Language: zh-CN,zh;q=0.9,en;q=0.8\r\nCache-Control: max-age=0\r\nConnection: keep-alive\r\nCookie: Idea-ceb62ef=9e4b5564-7902-4fef-8d94-62f49ea19eab; R_PCS=light; R_LOCALE=en-us; R_USERNAME=admin\r\nSec-Ch-Ua: \"Not_A Brand\";v=\"99\", \"Google Chrome\";v=\"109\", \"Chromium\";v=\"109\"\r\nSec-Ch-Ua-Mobile: ?0\r\nSec-Ch-Ua-Platform: \"Windows\"\r\nSec-Fetch-Dest: document\r\nSec-Fetch-Mode: navigate\r\nSec-Fetch-Site: none\r\nSec-Fetch-User: ?1\r\nUpgrade-Insecure-Requests: 1\r\nUser-Agent: Mozilla/5.0 (Windows NT 10.0; Win64; x64) AppleWebKit/537.36 (KHTML, like Gecko) Chrome/109.0.0.0 Safari/537.36\r\n\r\n","stack":"goroutine 50 [running]:\nruntime/debug.Stack()\n\tD:/Users/shalo/gosdk/go1.19.2/src/runtime/debug/stack.go:24 +0x7a\ndemo/src/logger.GinRecovery.func1.1()\n\tC:/Users/shalo/go/src/demo/src/logger/logger.go:119 +0x6c9\npanic({0xbc2c20, 0xc000118108})\n\tD:/Users/shalo/gosdk/go1.19.2/src/runtime/panic.go:890 +0x267\nreflect.valueInterface({0x0, 0x0, 0x0}, 0x1)\n\tD:/Users/shalo/gosdk/go1.19.2/src/reflect/value.go:1483 +0x27a\nreflect.Value.Interface({0x0, 0x0, 0x0})\n\tD:/Users/shalo/gosdk/go1.19.2/src/reflect/value.go:1478 +0x45\ngithub.com/gin-gonic/gin/binding.mapFormByTag({0xb818c0, 0x0}, 0xc00068d0e0, {0xc800aa, 0x4})\n\tC:/Users/shalo/go/pkg/mod/github.com/gin-gonic/gin@v1.8.1/binding/form_mapping.go:49 +0xec\ngithub.com/gin-gonic/gin/binding.mapForm({0xb818c0, 0x0}, 0xc00068d0e0)\n\tC:/Users/shalo/go/pkg/mod/github.com/gin-gonic/gin@v1.8.1/binding/form_mapping.go:34 +0x49\ngithub.com/gin-gonic/gin/binding.queryBinding.Bind({}, 0xc00007c400, {0xb818c0, 0x0})\n\tC:/Users/shalo/go/pkg/mod/github.com/gin-gonic/gin@v1.8.1/binding/query.go:17 +0x65\ngithub.com/gin-gonic/gin.(*Context).ShouldBindWith(0xc0001d8100, {0xb818c0, 0x0}, {0xd1f5f8, 0x11547f0})\n\tC:/Users/shalo/go/pkg/mod/github.com/gin-gonic/gin@v1.8.1/context.go:725 +0x5f\ngithub.com/gin-gonic/gin.(*Context).ShouldBindQuery(0xc0001d8100, {0xb818c0, 0x0})\n\tC:/Users/shalo/go/pkg/mod/github.com/gin-gonic/gin@v1.8.1/context.go:695 +0x4b\ndemo/src/router.getKLine(0xc0001d8100)\n\tC:/Users/shalo/go/src/demo/src/router/router_kline.go:9 +0x45\ngithub.com/gin-gonic/gin.(*Context).Next(0xc0001d8100)\n\tC:/Users/shalo/go/pkg/mod/github.com/gin-gonic/gin@v1.8.1/context.go:173 +0x7d\ndemo/src/logger.GinRecovery.func1(0xc0001d8100)\n\tC:/Users/shalo/go/src/demo/src/logger/logger.go:130 +0x8c\ngithub.com/gin-gonic/gin.(*Context).Next(0xc0001d8100)\n\tC:/Users/shalo/go/pkg/mod/github.com/gin-gonic/gin@v1.8.1/context.go:173 +0x7d\ndemo/src/logger.GinLogger.func1(0xc0001d8100)\n\tC:/Users/shalo/go/src/demo/src/logger/logger.go:71 +0xab\ngithub.com/gin-gonic/gin.(*Context).Next(0xc0001d8100)\n\tC:/Users/shalo/go/pkg/mod/github.com/gin-gonic/gin@v1.8.1/context.go:173 +0x7d\ngithub.com/gin-gonic/gin.(*Engine).handleHTTPRequest(0xc000061d40, 0xc0001d8100)\n\tC:/Users/shalo/go/pkg/mod/github.com/gin-gonic/gin@v1.8.1/gin.go:616 +0x434\ngithub.com/gin-gonic/gin.(*Engine).ServeHTTP(0xc000061d40, {0xd20308, 0xc000522000}, 0xc00007c400)\n\tC:/Users/shalo/go/pkg/mod/github.com/gin-gonic/gin@v1.8.1/gin.go:572 +0xc5\nnet/http.serverHandler.ServeHTTP({0xc0005161e0}, {0xd20308, 0xc000522000}, 0xc00007c400)\n\tD:/Users/shalo/gosdk/go1.19.2/src/net/http/server.go:2947 +0x474\nnet/http.(*conn).serve(0xc000000640, {0xd20ef0, 0xc000079700})\n\tD:/Users/shalo/gosdk/go1.19.2/src/net/http/server.go:1991 +0x195c\ncreated by net/http.(*Server).Serve\n\tD:/Users/shalo/gosdk/go1.19.2/src/net/http/server.go:3102 +0x9e5\n"}
{"level":"INFO","time":"2022-11-25T00:14:40.419+0800","caller":"logger/logger.go:74","msg":"/v1/kline","status":500,"method":"GET","path":"/v1/kline","query":"symbol=1&period=1","ip":"127.0.0.1","user-agent":"Mozilla/5.0 (Windows NT 10.0; Win64; x64) AppleWebKit/537.36 (KHTML, like Gecko) Chrome/109.0.0.0 Safari/537.36","errors":"","cost":0.0005598}
{"level":"INFO","time":"2022-11-25T00:17:23.566+0800","caller":"logger/logger.go:38","msg":"started"}
{"level":"INFO","time":"2022-11-25T00:17:23.566+0800","caller":"logger/logger.go:38","msg":"http server listening on: 127.0.0.1:8080"}
{"level":"ERROR","time":"2022-11-25T00:17:28.506+0800","caller":"logger/logger.go:116","msg":"[Recovery from panic]","error":"reflect: call of reflect.Value.Interface on zero Value","request":"GET /v1/kline?symbol=1&period=1 HTTP/1.1\r\nHost: localhost:8080\r\nAccept: text/html,application/xhtml+xml,application/xml;q=0.9,image/avif,image/webp,image/apng,*/*;q=0.8,application/signed-exchange;v=b3;q=0.9\r\nAccept-Encoding: gzip, deflate, br\r\nAccept-Language: zh-CN,zh;q=0.9,en;q=0.8\r\nCache-Control: max-age=0\r\nConnection: keep-alive\r\nCookie: Idea-ceb62ef=9e4b5564-7902-4fef-8d94-62f49ea19eab; R_PCS=light; R_LOCALE=en-us; R_USERNAME=admin\r\nSec-Ch-Ua: \"Not_A Brand\";v=\"99\", \"Google Chrome\";v=\"109\", \"Chromium\";v=\"109\"\r\nSec-Ch-Ua-Mobile: ?0\r\nSec-Ch-Ua-Platform: \"Windows\"\r\nSec-Fetch-Dest: document\r\nSec-Fetch-Mode: navigate\r\nSec-Fetch-Site: none\r\nSec-Fetch-User: ?1\r\nUpgrade-Insecure-Requests: 1\r\nUser-Agent: Mozilla/5.0 (Windows NT 10.0; Win64; x64) AppleWebKit/537.36 (KHTML, like Gecko) Chrome/109.0.0.0 Safari/537.36\r\n\r\n","stack":"goroutine 50 [running]:\nruntime/debug.Stack()\n\tD:/Users/shalo/gosdk/go1.19.2/src/runtime/debug/stack.go:24 +0x7a\ndemo/src/logger.GinRecovery.func1.1()\n\tC:/Users/shalo/go/src/demo/src/logger/logger.go:119 +0x6c9\npanic({0xbf2ca0, 0xc0000089a8})\n\tD:/Users/shalo/gosdk/go1.19.2/src/runtime/panic.go:890 +0x267\nreflect.valueInterface({0x0, 0x0, 0x0}, 0x1)\n\tD:/Users/shalo/gosdk/go1.19.2/src/reflect/value.go:1483 +0x27a\nreflect.Value.Interface({0x0, 0x0, 0x0})\n\tD:/Users/shalo/gosdk/go1.19.2/src/reflect/value.go:1478 +0x45\ngithub.com/gin-gonic/gin/binding.mapFormByTag({0xbb1940, 0x0}, 0xc000089410, {0xcb016a, 0x4})\n\tC:/Users/shalo/go/pkg/mod/github.com/gin-gonic/gin@v1.8.1/binding/form_mapping.go:49 +0xec\ngithub.com/gin-gonic/gin/binding.mapForm({0xbb1940, 0x0}, 0xc000089410)\n\tC:/Users/shalo/go/pkg/mod/github.com/gin-gonic/gin@v1.8.1/binding/form_mapping.go:34 +0x49\ngithub.com/gin-gonic/gin/binding.queryBinding.Bind({}, 0xc00041a200, {0xbb1940, 0x0})\n\tC:/Users/shalo/go/pkg/mod/github.com/gin-gonic/gin@v1.8.1/binding/query.go:17 +0x65\ngithub.com/gin-gonic/gin.(*Context).ShouldBindWith(0xc00041a400, {0xbb1940, 0x0}, {0xd4f6b8, 0x11847f0})\n\tC:/Users/shalo/go/pkg/mod/github.com/gin-gonic/gin@v1.8.1/context.go:725 +0x5f\ngithub.com/gin-gonic/gin.(*Context).ShouldBindQuery(0xc00041a400, {0xbb1940, 0x0})\n\tC:/Users/shalo/go/pkg/mod/github.com/gin-gonic/gin@v1.8.1/context.go:695 +0x4b\ndemo/src/router.getKLine(0xc00041a400)\n\tC:/Users/shalo/go/src/demo/src/router/router_kline.go:9 +0x45\ngithub.com/gin-gonic/gin.(*Context).Next(0xc00041a400)\n\tC:/Users/shalo/go/pkg/mod/github.com/gin-gonic/gin@v1.8.1/context.go:173 +0x7d\ndemo/src/logger.GinRecovery.func1(0xc00041a400)\n\tC:/Users/shalo/go/src/demo/src/logger/logger.go:130 +0x8c\ngithub.com/gin-gonic/gin.(*Context).Next(0xc00041a400)\n\tC:/Users/shalo/go/pkg/mod/github.com/gin-gonic/gin@v1.8.1/context.go:173 +0x7d\ndemo/src/logger.GinLogger.func1(0xc00041a400)\n\tC:/Users/shalo/go/src/demo/src/logger/logger.go:71 +0xab\ngithub.com/gin-gonic/gin.(*Context).Next(0xc00041a400)\n\tC:/Users/shalo/go/pkg/mod/github.com/gin-gonic/gin@v1.8.1/context.go:173 +0x7d\ngithub.com/gin-gonic/gin.(*Engine).handleHTTPRequest(0xc000084340, 0xc00041a400)\n\tC:/Users/shalo/go/pkg/mod/github.com/gin-gonic/gin@v1.8.1/gin.go:616 +0x434\ngithub.com/gin-gonic/gin.(*Engine).ServeHTTP(0xc000084340, {0xd503c8, 0xc0003940e0}, 0xc00041a200)\n\tC:/Users/shalo/go/pkg/mod/github.com/gin-gonic/gin@v1.8.1/gin.go:572 +0xc5\nnet/http.serverHandler.ServeHTTP({0xc00043cc30}, {0xd503c8, 0xc0003940e0}, 0xc00041a200)\n\tD:/Users/shalo/gosdk/go1.19.2/src/net/http/server.go:2947 +0x474\nnet/http.(*conn).serve(0xc0003ce0a0, {0xd50fb0, 0xc0003e3240})\n\tD:/Users/shalo/gosdk/go1.19.2/src/net/http/server.go:1991 +0x195c\ncreated by net/http.(*Server).Serve\n\tD:/Users/shalo/gosdk/go1.19.2/src/net/http/server.go:3102 +0x9e5\n"}
{"level":"INFO","time":"2022-11-25T00:17:28.506+0800","caller":"logger/logger.go:74","msg":"/v1/kline","status":500,"method":"GET","path":"/v1/kline","query":"symbol=1&period=1","ip":"127.0.0.1","user-agent":"Mozilla/5.0 (Windows NT 10.0; Win64; x64) AppleWebKit/537.36 (KHTML, like Gecko) Chrome/109.0.0.0 Safari/537.36","errors":"","cost":0.0005688}
{"level":"INFO","time":"2022-11-25T00:17:45.469+0800","caller":"logger/logger.go:38","msg":"started"}
{"level":"INFO","time":"2022-11-25T00:17:45.470+0800","caller":"logger/logger.go:38","msg":"http server listening on: 127.0.0.1:8080"}
{"level":"ERROR","time":"2022-11-25T00:17:45.931+0800","caller":"logger/logger.go:116","msg":"[Recovery from panic]","error":"reflect: call of reflect.Value.Interface on zero Value","request":"GET /v1/kline?symbol=1&period=1 HTTP/1.1\r\nHost: localhost:8080\r\nAccept: text/html,application/xhtml+xml,application/xml;q=0.9,image/avif,image/webp,image/apng,*/*;q=0.8,application/signed-exchange;v=b3;q=0.9\r\nAccept-Encoding: gzip, deflate, br\r\nAccept-Language: zh-CN,zh;q=0.9,en;q=0.8\r\nCache-Control: max-age=0\r\nConnection: keep-alive\r\nCookie: Idea-ceb62ef=9e4b5564-7902-4fef-8d94-62f49ea19eab; R_PCS=light; R_LOCALE=en-us; R_USERNAME=admin\r\nSec-Ch-Ua: \"Not_A Brand\";v=\"99\", \"Google Chrome\";v=\"109\", \"Chromium\";v=\"109\"\r\nSec-Ch-Ua-Mobile: ?0\r\nSec-Ch-Ua-Platform: \"Windows\"\r\nSec-Fetch-Dest: document\r\nSec-Fetch-Mode: navigate\r\nSec-Fetch-Site: none\r\nSec-Fetch-User: ?1\r\nUpgrade-Insecure-Requests: 1\r\nUser-Agent: Mozilla/5.0 (Windows NT 10.0; Win64; x64) AppleWebKit/537.36 (KHTML, like Gecko) Chrome/109.0.0.0 Safari/537.36\r\n\r\n","stack":"goroutine 51 [running]:\nruntime/debug.Stack()\n\tD:/Users/shalo/gosdk/go1.19.2/src/runtime/debug/stack.go:24 +0x7a\ndemo/src/logger.GinRecovery.func1.1()\n\tC:/Users/shalo/go/src/demo/src/logger/logger.go:119 +0x6c9\npanic({0x1672c40, 0xc0006ae6d8})\n\tD:/Users/shalo/gosdk/go1.19.2/src/runtime/panic.go:890 +0x267\nreflect.valueInterface({0x0, 0x0, 0x0}, 0x1)\n\tD:/Users/shalo/gosdk/go1.19.2/src/reflect/value.go:1483 +0x27a\nreflect.Value.Interface({0x0, 0x0, 0x0})\n\tD:/Users/shalo/gosdk/go1.19.2/src/reflect/value.go:1478 +0x45\ngithub.com/gin-gonic/gin/binding.mapFormByTag({0x16318e0, 0x0}, 0xc0003cacf0, {0x17300ca, 0x4})\n\tC:/Users/shalo/go/pkg/mod/github.com/gin-gonic/gin@v1.8.1/binding/form_mapping.go:49 +0xec\ngithub.com/gin-gonic/gin/binding.mapForm({0x16318e0, 0x0}, 0xc0003cacf0)\n\tC:/Users/shalo/go/pkg/mod/github.com/gin-gonic/gin@v1.8.1/binding/form_mapping.go:34 +0x49\ngithub.com/gin-gonic/gin/binding.queryBinding.Bind({}, 0xc000420300, {0x16318e0, 0x0})\n\tC:/Users/shalo/go/pkg/mod/github.com/gin-gonic/gin@v1.8.1/binding/query.go:17 +0x65\ngithub.com/gin-gonic/gin.(*Context).ShouldBindWith(0xc0001c4200, {0x16318e0, 0x0}, {0x17cf618, 0x1c047f0})\n\tC:/Users/shalo/go/pkg/mod/github.com/gin-gonic/gin@v1.8.1/context.go:725 +0x5f\ngithub.com/gin-gonic/gin.(*Context).ShouldBindQuery(0xc0001c4200, {0x16318e0, 0x0})\n\tC:/Users/shalo/go/pkg/mod/github.com/gin-gonic/gin@v1.8.1/context.go:695 +0x4b\ndemo/src/router.getKLine(0xc0001c4200)\n\tC:/Users/shalo/go/src/demo/src/router/router_kline.go:9 +0x45\ngithub.com/gin-gonic/gin.(*Context).Next(0xc0001c4200)\n\tC:/Users/shalo/go/pkg/mod/github.com/gin-gonic/gin@v1.8.1/context.go:173 +0x7d\ndemo/src/logger.GinRecovery.func1(0xc0001c4200)\n\tC:/Users/shalo/go/src/demo/src/logger/logger.go:130 +0x8c\ngithub.com/gin-gonic/gin.(*Context).Next(0xc0001c4200)\n\tC:/Users/shalo/go/pkg/mod/github.com/gin-gonic/gin@v1.8.1/context.go:173 +0x7d\ndemo/src/logger.GinLogger.func1(0xc0001c4200)\n\tC:/Users/shalo/go/src/demo/src/logger/logger.go:71 +0xab\ngithub.com/gin-gonic/gin.(*Context).Next(0xc0001c4200)\n\tC:/Users/shalo/go/pkg/mod/github.com/gin-gonic/gin@v1.8.1/context.go:173 +0x7d\ngithub.com/gin-gonic/gin.(*Engine).handleHTTPRequest(0xc000084340, 0xc0001c4200)\n\tC:/Users/shalo/go/pkg/mod/github.com/gin-gonic/gin@v1.8.1/gin.go:616 +0x434\ngithub.com/gin-gonic/gin.(*Engine).ServeHTTP(0xc000084340, {0x17d0328, 0xc0003960e0}, 0xc000420300)\n\tC:/Users/shalo/go/pkg/mod/github.com/gin-gonic/gin@v1.8.1/gin.go:572 +0xc5\nnet/http.serverHandler.ServeHTTP({0xc0006aac30}, {0x17d0328, 0xc0003960e0}, 0xc000420300)\n\tD:/Users/shalo/gosdk/go1.19.2/src/net/http/server.go:2947 +0x474\nnet/http.(*conn).serve(0xc00048c0a0, {0x17d0f10, 0xc00040c440})\n\tD:/Users/shalo/gosdk/go1.19.2/src/net/http/server.go:1991 +0x195c\ncreated by net/http.(*Server).Serve\n\tD:/Users/shalo/gosdk/go1.19.2/src/net/http/server.go:3102 +0x9e5\n"}
{"level":"INFO","time":"2022-11-25T00:17:45.931+0800","caller":"logger/logger.go:74","msg":"/v1/kline","status":500,"method":"GET","path":"/v1/kline","query":"symbol=1&period=1","ip":"127.0.0.1","user-agent":"Mozilla/5.0 (Windows NT 10.0; Win64; x64) AppleWebKit/537.36 (KHTML, like Gecko) Chrome/109.0.0.0 Safari/537.36","errors":"","cost":0.0009157}
{"level":"INFO","time":"2022-11-25T00:17:58.997+0800","caller":"logger/logger.go:38","msg":"started"}
{"level":"INFO","time":"2022-11-25T00:17:58.997+0800","caller":"logger/logger.go:38","msg":"http server listening on: 127.0.0.1:8080"}
{"level":"ERROR","time":"2022-11-25T00:18:01.467+0800","caller":"logger/logger.go:116","msg":"[Recovery from panic]","error":"reflect: call of reflect.Value.Interface on zero Value","request":"GET /v1/kline?symbol=1&period=1 HTTP/1.1\r\nHost: localhost:8080\r\nAccept: text/html,application/xhtml+xml,application/xml;q=0.9,image/avif,image/webp,image/apng,*/*;q=0.8,application/signed-exchange;v=b3;q=0.9\r\nAccept-Encoding: gzip, deflate, br\r\nAccept-Language: zh-CN,zh;q=0.9,en;q=0.8\r\nCache-Control: max-age=0\r\nConnection: keep-alive\r\nCookie: R_USERNAME=admin\r\nSec-Ch-Ua: \"Not_A Brand\";v=\"99\", \"Google Chrome\";v=\"109\", \"Chromium\";v=\"109\"\r\nSec-Ch-Ua-Mobile: ?0\r\nSec-Ch-Ua-Platform: \"Windows\"\r\nSec-Fetch-Dest: document\r\nSec-Fetch-Mode: navigate\r\nSec-Fetch-Site: cross-site\r\nSec-Fetch-User: ?1\r\nUpgrade-Insecure-Requests: 1\r\nUser-Agent: Mozilla/5.0 (Windows NT 10.0; Win64; x64) AppleWebKit/537.36 (KHTML, like Gecko) Chrome/109.0.0.0 Safari/537.36\r\n\r\n","stack":"goroutine 39 [running]:\nruntime/debug.Stack()\n\tD:/Users/shalo/gosdk/go1.19.2/src/runtime/debug/stack.go:24 +0x7a\ndemo/src/logger.GinRecovery.func1.1()\n\tC:/Users/shalo/go/src/demo/src/logger/logger.go:119 +0x6c9\npanic({0xf22ca0, 0xc000098150})\n\tD:/Users/shalo/gosdk/go1.19.2/src/runtime/panic.go:890 +0x267\nreflect.valueInterface({0x0, 0x0, 0x0}, 0x1)\n\tD:/Users/shalo/gosdk/go1.19.2/src/reflect/value.go:1483 +0x27a\nreflect.Value.Interface({0x0, 0x0, 0x0})\n\tD:/Users/shalo/gosdk/go1.19.2/src/reflect/value.go:1478 +0x45\ngithub.com/gin-gonic/gin/binding.(*defaultValidator).ValidateStruct(0x145b4b0, {0xee1940, 0x0})\n\tC:/Users/shalo/go/pkg/mod/github.com/gin-gonic/gin@v1.8.1/binding/default_validator.go:57 +0xf4\ngithub.com/gin-gonic/gin/binding.(*defaultValidator).ValidateStruct(0x145b4b0, {0xedee80, 0xc0000940a0})\n\tC:/Users/shalo/go/pkg/mod/github.com/gin-gonic/gin@v1.8.1/binding/default_validator.go:57 +0x11a\ngithub.com/gin-gonic/gin/binding.validate({0xedee80, 0xc0000940a0})\n\tC:/Users/shalo/go/pkg/mod/github.com/gin-gonic/gin@v1.8.1/binding/binding.go:121 +0x54\ngithub.com/gin-gonic/gin/binding.queryBinding.Bind({}, 0xc0000a6300, {0xedee80, 0xc0000940a0})\n\tC:/Users/shalo/go/pkg/mod/github.com/gin-gonic/gin@v1.8.1/binding/query.go:20 +0x9e\ngithub.com/gin-gonic/gin.(*Context).ShouldBindWith(0xc0000a6500, {0xedee80, 0xc0000940a0}, {0x107f678, 0x14b47f0})\n\tC:/Users/shalo/go/pkg/mod/github.com/gin-gonic/gin@v1.8.1/context.go:725 +0x5f\ngithub.com/gin-gonic/gin.(*Context).ShouldBindQuery(0xc0000a6500, {0xedee80, 0xc0000940a0})\n\tC:/Users/shalo/go/pkg/mod/github.com/gin-gonic/gin@v1.8.1/context.go:695 +0x4b\ndemo/src/router.getKLine(0xc0000a6500)\n\tC:/Users/shalo/go/src/demo/src/router/router_kline.go:9 +0x69\ngithub.com/gin-gonic/gin.(*Context).Next(0xc0000a6500)\n\tC:/Users/shalo/go/pkg/mod/github.com/gin-gonic/gin@v1.8.1/context.go:173 +0x7d\ndemo/src/logger.GinRecovery.func1(0xc0000a6500)\n\tC:/Users/shalo/go/src/demo/src/logger/logger.go:130 +0x8c\ngithub.com/gin-gonic/gin.(*Context).Next(0xc0000a6500)\n\tC:/Users/shalo/go/pkg/mod/github.com/gin-gonic/gin@v1.8.1/context.go:173 +0x7d\ndemo/src/logger.GinLogger.func1(0xc0000a6500)\n\tC:/Users/shalo/go/src/demo/src/logger/logger.go:71 +0xab\ngithub.com/gin-gonic/gin.(*Context).Next(0xc0000a6500)\n\tC:/Users/shalo/go/pkg/mod/github.com/gin-gonic/gin@v1.8.1/context.go:173 +0x7d\ngithub.com/gin-gonic/gin.(*Engine).handleHTTPRequest(0xc000084680, 0xc0000a6500)\n\tC:/Users/shalo/go/pkg/mod/github.com/gin-gonic/gin@v1.8.1/gin.go:616 +0x434\ngithub.com/gin-gonic/gin.(*Engine).ServeHTTP(0xc000084680, {0x1080388, 0xc000178000}, 0xc0000a6300)\n\tC:/Users/shalo/go/pkg/mod/github.com/gin-gonic/gin@v1.8.1/gin.go:572 +0xc5\nnet/http.serverHandler.ServeHTTP({0xc0000ce3c0}, {0x1080388, 0xc000178000}, 0xc0000a6300)\n\tD:/Users/shalo/gosdk/go1.19.2/src/net/http/server.go:2947 +0x474\nnet/http.(*conn).serve(0xc0000c0960, {0x1080f70, 0xc00008c900})\n\tD:/Users/shalo/gosdk/go1.19.2/src/net/http/server.go:1991 +0x195c\ncreated by net/http.(*Server).Serve\n\tD:/Users/shalo/gosdk/go1.19.2/src/net/http/server.go:3102 +0x9e5\n"}
{"level":"INFO","time":"2022-11-25T00:18:01.468+0800","caller":"logger/logger.go:74","msg":"/v1/kline","status":500,"method":"GET","path":"/v1/kline","query":"symbol=1&period=1","ip":"127.0.0.1","user-agent":"Mozilla/5.0 (Windows NT 10.0; Win64; x64) AppleWebKit/537.36 (KHTML, like Gecko) Chrome/109.0.0.0 Safari/537.36","errors":"","cost":0.0010904}
{"level":"INFO","time":"2022-11-25T00:18:31.362+0800","caller":"logger/logger.go:38","msg":"started"}
{"level":"INFO","time":"2022-11-25T00:18:31.362+0800","caller":"logger/logger.go:38","msg":"http server listening on: 127.0.0.1:8080"}
{"level":"ERROR","time":"2022-11-25T00:18:32.604+0800","caller":"logger/logger.go:116","msg":"[Recovery from panic]","error":"reflect: call of reflect.Value.Interface on zero Value","request":"GET /v1/kline?symbol=1&period=1 HTTP/1.1\r\nHost: localhost:8080\r\nAccept: text/html,application/xhtml+xml,application/xml;q=0.9,image/avif,image/webp,image/apng,*/*;q=0.8,application/signed-exchange;v=b3;q=0.9\r\nAccept-Encoding: gzip, deflate, br\r\nAccept-Language: zh-CN,zh;q=0.9,en;q=0.8\r\nCache-Control: max-age=0\r\nConnection: keep-alive\r\nCookie: R_USERNAME=admin\r\nSec-Ch-Ua: \"Not_A Brand\";v=\"99\", \"Google Chrome\";v=\"109\", \"Chromium\";v=\"109\"\r\nSec-Ch-Ua-Mobile: ?0\r\nSec-Ch-Ua-Platform: \"Windows\"\r\nSec-Fetch-Dest: document\r\nSec-Fetch-Mode: navigate\r\nSec-Fetch-Site: cross-site\r\nSec-Fetch-User: ?1\r\nUpgrade-Insecure-Requests: 1\r\nUser-Agent: Mozilla/5.0 (Windows NT 10.0; Win64; x64) AppleWebKit/537.36 (KHTML, like Gecko) Chrome/109.0.0.0 Safari/537.36\r\n\r\n","stack":"goroutine 44 [running]:\nruntime/debug.Stack()\n\tD:/Users/shalo/gosdk/go1.19.2/src/runtime/debug/stack.go:24 +0x7a\ndemo/src/logger.GinRecovery.func1.1()\n\tC:/Users/shalo/go/src/demo/src/logger/logger.go:119 +0x6c9\npanic({0x10d2ca0, 0xc000404228})\n\tD:/Users/shalo/gosdk/go1.19.2/src/runtime/panic.go:890 +0x267\nreflect.valueInterface({0x0, 0x0, 0x0}, 0x1)\n\tD:/Users/shalo/gosdk/go1.19.2/src/reflect/value.go:1483 +0x27a\nreflect.Value.Interface({0x0, 0x0, 0x0})\n\tD:/Users/shalo/gosdk/go1.19.2/src/reflect/value.go:1478 +0x45\ngithub.com/gin-gonic/gin/binding.(*defaultValidator).ValidateStruct(0x160b4b0, {0x1091940, 0x0})\n\tC:/Users/shalo/go/pkg/mod/github.com/gin-gonic/gin@v1.8.1/binding/default_validator.go:57 +0xf4\ngithub.com/gin-gonic/gin/binding.(*defaultValidator).ValidateStruct(0x160b4b0, {0x108ee80, 0xc000408288})\n\tC:/Users/shalo/go/pkg/mod/github.com/gin-gonic/gin@v1.8.1/binding/default_validator.go:57 +0x11a\ngithub.com/gin-gonic/gin/binding.validate({0x108ee80, 0xc000408288})\n\tC:/Users/shalo/go/pkg/mod/github.com/gin-gonic/gin@v1.8.1/binding/binding.go:121 +0x54\ngithub.com/gin-gonic/gin/binding.formBinding.Bind({}, 0xc000124000, {0x108ee80, 0xc000408288})\n\tC:/Users/shalo/go/pkg/mod/github.com/gin-gonic/gin@v1.8.1/binding/form.go:32 +0x17b\ngithub.com/gin-gonic/gin.(*Context).ShouldBindWith(0xc0000a6400, {0x108ee80, 0xc000408288}, {0x122f588, 0x16647f0})\n\tC:/Users/shalo/go/pkg/mod/github.com/gin-gonic/gin@v1.8.1/context.go:725 +0x5f\ngithub.com/gin-gonic/gin.(*Context).ShouldBind(0xc0000a6400, {0x108ee80, 0xc000408288})\n\tC:/Users/shalo/go/pkg/mod/github.com/gin-gonic/gin@v1.8.1/context.go:680 +0xb0\ndemo/src/router.getKLine(0xc0000a6400)\n\tC:/Users/shalo/go/src/demo/src/router/router_kline.go:9 +0x69\ngithub.com/gin-gonic/gin.(*Context).Next(0xc0000a6400)\n\tC:/Users/shalo/go/pkg/mod/github.com/gin-gonic/gin@v1.8.1/context.go:173 +0x7d\ndemo/src/logger.GinRecovery.func1(0xc0000a6400)\n\tC:/Users/shalo/go/src/demo/src/logger/logger.go:130 +0x8c\ngithub.com/gin-gonic/gin.(*Context).Next(0xc0000a6400)\n\tC:/Users/shalo/go/pkg/mod/github.com/gin-gonic/gin@v1.8.1/context.go:173 +0x7d\ndemo/src/logger.GinLogger.func1(0xc0000a6400)\n\tC:/Users/shalo/go/src/demo/src/logger/logger.go:71 +0xab\ngithub.com/gin-gonic/gin.(*Context).Next(0xc0000a6400)\n\tC:/Users/shalo/go/pkg/mod/github.com/gin-gonic/gin@v1.8.1/context.go:173 +0x7d\ngithub.com/gin-gonic/gin.(*Engine).handleHTTPRequest(0xc000084d00, 0xc0000a6400)\n\tC:/Users/shalo/go/pkg/mod/github.com/gin-gonic/gin@v1.8.1/gin.go:616 +0x434\ngithub.com/gin-gonic/gin.(*Engine).ServeHTTP(0xc000084d00, {0x1230388, 0xc0006ae000}, 0xc000124000)\n\tC:/Users/shalo/go/pkg/mod/github.com/gin-gonic/gin@v1.8.1/gin.go:572 +0xc5\nnet/http.serverHandler.ServeHTTP({0xc0000c22d0}, {0x1230388, 0xc0006ae000}, 0xc000124000)\n\tD:/Users/shalo/gosdk/go1.19.2/src/net/http/server.go:2947 +0x474\nnet/http.(*conn).serve(0xc0000b7040, {0x1230f70, 0xc000094540})\n\tD:/Users/shalo/gosdk/go1.19.2/src/net/http/server.go:1991 +0x195c\ncreated by net/http.(*Server).Serve\n\tD:/Users/shalo/gosdk/go1.19.2/src/net/http/server.go:3102 +0x9e5\n"}
{"level":"INFO","time":"2022-11-25T00:18:32.604+0800","caller":"logger/logger.go:74","msg":"/v1/kline","status":500,"method":"GET","path":"/v1/kline","query":"symbol=1&period=1","ip":"127.0.0.1","user-agent":"Mozilla/5.0 (Windows NT 10.0; Win64; x64) AppleWebKit/537.36 (KHTML, like Gecko) Chrome/109.0.0.0 Safari/537.36","errors":"","cost":0.0009972}
{"level":"ERROR","time":"2022-11-25T00:18:34.639+0800","caller":"logger/logger.go:116","msg":"[Recovery from panic]","error":"reflect: call of reflect.Value.Interface on zero Value","request":"GET /v1/kline?symbol=1&period=1 HTTP/1.1\r\nHost: localhost:8080\r\nAccept: text/html,application/xhtml+xml,application/xml;q=0.9,image/avif,image/webp,image/apng,*/*;q=0.8,application/signed-exchange;v=b3;q=0.9\r\nAccept-Encoding: gzip, deflate, br\r\nAccept-Language: zh-CN,zh;q=0.9,en;q=0.8\r\nCache-Control: max-age=0\r\nConnection: keep-alive\r\nCookie: R_USERNAME=admin\r\nSec-Ch-Ua: \"Not_A Brand\";v=\"99\", \"Google Chrome\";v=\"109\", \"Chromium\";v=\"109\"\r\nSec-Ch-Ua-Mobile: ?0\r\nSec-Ch-Ua-Platform: \"Windows\"\r\nSec-Fetch-Dest: document\r\nSec-Fetch-Mode: navigate\r\nSec-Fetch-Site: cross-site\r\nSec-Fetch-User: ?1\r\nUpgrade-Insecure-Requests: 1\r\nUser-Agent: Mozilla/5.0 (Windows NT 10.0; Win64; x64) AppleWebKit/537.36 (KHTML, like Gecko) Chrome/109.0.0.0 Safari/537.36\r\n\r\n","stack":"goroutine 44 [running]:\nruntime/debug.Stack()\n\tD:/Users/shalo/gosdk/go1.19.2/src/runtime/debug/stack.go:24 +0x7a\ndemo/src/logger.GinRecovery.func1.1()\n\tC:/Users/shalo/go/src/demo/src/logger/logger.go:119 +0x6c9\npanic({0x10d2ca0, 0xc000404258})\n\tD:/Users/shalo/gosdk/go1.19.2/src/runtime/panic.go:890 +0x267\nreflect.valueInterface({0x0, 0x0, 0x0}, 0x1)\n\tD:/Users/shalo/gosdk/go1.19.2/src/reflect/value.go:1483 +0x27a\nreflect.Value.Interface({0x0, 0x0, 0x0})\n\tD:/Users/shalo/gosdk/go1.19.2/src/reflect/value.go:1478 +0x45\ngithub.com/gin-gonic/gin/binding.(*defaultValidator).ValidateStruct(0x160b4b0, {0x1091940, 0x0})\n\tC:/Users/shalo/go/pkg/mod/github.com/gin-gonic/gin@v1.8.1/binding/default_validator.go:57 +0xf4\ngithub.com/gin-gonic/gin/binding.(*defaultValidator).ValidateStruct(0x160b4b0, {0x108ee80, 0xc000408290})\n\tC:/Users/shalo/go/pkg/mod/github.com/gin-gonic/gin@v1.8.1/binding/default_validator.go:57 +0x11a\ngithub.com/gin-gonic/gin/binding.validate({0x108ee80, 0xc000408290})\n\tC:/Users/shalo/go/pkg/mod/github.com/gin-gonic/gin@v1.8.1/binding/binding.go:121 +0x54\ngithub.com/gin-gonic/gin/binding.formBinding.Bind({}, 0xc0000a6500, {0x108ee80, 0xc000408290})\n\tC:/Users/shalo/go/pkg/mod/github.com/gin-gonic/gin@v1.8.1/binding/form.go:32 +0x17b\ngithub.com/gin-gonic/gin.(*Context).ShouldBindWith(0xc0000a6400, {0x108ee80, 0xc000408290}, {0x122f588, 0x16647f0})\n\tC:/Users/shalo/go/pkg/mod/github.com/gin-gonic/gin@v1.8.1/context.go:725 +0x5f\ngithub.com/gin-gonic/gin.(*Context).ShouldBind(0xc0000a6400, {0x108ee80, 0xc000408290})\n\tC:/Users/shalo/go/pkg/mod/github.com/gin-gonic/gin@v1.8.1/context.go:680 +0xb0\ndemo/src/router.getKLine(0xc0000a6400)\n\tC:/Users/shalo/go/src/demo/src/router/router_kline.go:9 +0x69\ngithub.com/gin-gonic/gin.(*Context).Next(0xc0000a6400)\n\tC:/Users/shalo/go/pkg/mod/github.com/gin-gonic/gin@v1.8.1/context.go:173 +0x7d\ndemo/src/logger.GinRecovery.func1(0xc0000a6400)\n\tC:/Users/shalo/go/src/demo/src/logger/logger.go:130 +0x8c\ngithub.com/gin-gonic/gin.(*Context).Next(0xc0000a6400)\n\tC:/Users/shalo/go/pkg/mod/github.com/gin-gonic/gin@v1.8.1/context.go:173 +0x7d\ndemo/src/logger.GinLogger.func1(0xc0000a6400)\n\tC:/Users/shalo/go/src/demo/src/logger/logger.go:71 +0xab\ngithub.com/gin-gonic/gin.(*Context).Next(0xc0000a6400)\n\tC:/Users/shalo/go/pkg/mod/github.com/gin-gonic/gin@v1.8.1/context.go:173 +0x7d\ngithub.com/gin-gonic/gin.(*Engine).handleHTTPRequest(0xc000084d00, 0xc0000a6400)\n\tC:/Users/shalo/go/pkg/mod/github.com/gin-gonic/gin@v1.8.1/gin.go:616 +0x434\ngithub.com/gin-gonic/gin.(*Engine).ServeHTTP(0xc000084d00, {0x1230388, 0xc0006ae0e0}, 0xc0000a6500)\n\tC:/Users/shalo/go/pkg/mod/github.com/gin-gonic/gin@v1.8.1/gin.go:572 +0xc5\nnet/http.serverHandler.ServeHTTP({0xc0000c22d0}, {0x1230388, 0xc0006ae0e0}, 0xc0000a6500)\n\tD:/Users/shalo/gosdk/go1.19.2/src/net/http/server.go:2947 +0x474\nnet/http.(*conn).serve(0xc0000b7040, {0x1230f70, 0xc000094540})\n\tD:/Users/shalo/gosdk/go1.19.2/src/net/http/server.go:1991 +0x195c\ncreated by net/http.(*Server).Serve\n\tD:/Users/shalo/gosdk/go1.19.2/src/net/http/server.go:3102 +0x9e5\n"}
{"level":"INFO","time":"2022-11-25T00:18:34.639+0800","caller":"logger/logger.go:74","msg":"/v1/kline","status":500,"method":"GET","path":"/v1/kline","query":"symbol=1&period=1","ip":"127.0.0.1","user-agent":"Mozilla/5.0 (Windows NT 10.0; Win64; x64) AppleWebKit/537.36 (KHTML, like Gecko) Chrome/109.0.0.0 Safari/537.36","errors":"","cost":0}
{"level":"ERROR","time":"2022-11-25T00:18:54.106+0800","caller":"logger/logger.go:116","msg":"[Recovery from panic]","error":"reflect: call of reflect.Value.Interface on zero Value","request":"GET /v1/kline?symbol=1a&period=1a HTTP/1.1\r\nHost: localhost:8080\r\nAccept: text/html,application/xhtml+xml,application/xml;q=0.9,image/avif,image/webp,image/apng,*/*;q=0.8,application/signed-exchange;v=b3;q=0.9\r\nAccept-Encoding: gzip, deflate, br\r\nAccept-Language: zh-CN,zh;q=0.9,en;q=0.8\r\nConnection: keep-alive\r\nCookie: Idea-ceb62ef=9e4b5564-7902-4fef-8d94-62f49ea19eab; R_PCS=light; R_LOCALE=en-us; R_USERNAME=admin\r\nSec-Ch-Ua: \"Not_A Brand\";v=\"99\", \"Google Chrome\";v=\"109\", \"Chromium\";v=\"109\"\r\nSec-Ch-Ua-Mobile: ?0\r\nSec-Ch-Ua-Platform: \"Windows\"\r\nSec-Fetch-Dest: document\r\nSec-Fetch-Mode: navigate\r\nSec-Fetch-Site: none\r\nSec-Fetch-User: ?1\r\nUpgrade-Insecure-Requests: 1\r\nUser-Agent: Mozilla/5.0 (Windows NT 10.0; Win64; x64) AppleWebKit/537.36 (KHTML, like Gecko) Chrome/109.0.0.0 Safari/537.36\r\n\r\n","stack":"goroutine 13 [running]:\nruntime/debug.Stack()\n\tD:/Users/shalo/gosdk/go1.19.2/src/runtime/debug/stack.go:24 +0x7a\ndemo/src/logger.GinRecovery.func1.1()\n\tC:/Users/shalo/go/src/demo/src/logger/logger.go:119 +0x6c9\npanic({0x10d2ca0, 0xc000104060})\n\tD:/Users/shalo/gosdk/go1.19.2/src/runtime/panic.go:890 +0x267\nreflect.valueInterface({0x0, 0x0, 0x0}, 0x1)\n\tD:/Users/shalo/gosdk/go1.19.2/src/reflect/value.go:1483 +0x27a\nreflect.Value.Interface({0x0, 0x0, 0x0})\n\tD:/Users/shalo/gosdk/go1.19.2/src/reflect/value.go:1478 +0x45\ngithub.com/gin-gonic/gin/binding.(*defaultValidator).ValidateStruct(0x160b4b0, {0x1091940, 0x0})\n\tC:/Users/shalo/go/pkg/mod/github.com/gin-gonic/gin@v1.8.1/binding/default_validator.go:57 +0xf4\ngithub.com/gin-gonic/gin/binding.(*defaultValidator).ValidateStruct(0x160b4b0, {0x108ee80, 0xc00000a030})\n\tC:/Users/shalo/go/pkg/mod/github.com/gin-gonic/gin@v1.8.1/binding/default_validator.go:57 +0x11a\ngithub.com/gin-gonic/gin/binding.validate({0x108ee80, 0xc00000a030})\n\tC:/Users/shalo/go/pkg/mod/github.com/gin-gonic/gin@v1.8.1/binding/binding.go:121 +0x54\ngithub.com/gin-gonic/gin/binding.formBinding.Bind({}, 0xc0000a6800, {0x108ee80, 0xc00000a030})\n\tC:/Users/shalo/go/pkg/mod/github.com/gin-gonic/gin@v1.8.1/binding/form.go:32 +0x17b\ngithub.com/gin-gonic/gin.(*Context).ShouldBindWith(0xc000124300, {0x108ee80, 0xc00000a030}, {0x122f588, 0x16647f0})\n\tC:/Users/shalo/go/pkg/mod/github.com/gin-gonic/gin@v1.8.1/context.go:725 +0x5f\ngithub.com/gin-gonic/gin.(*Context).ShouldBind(0xc000124300, {0x108ee80, 0xc00000a030})\n\tC:/Users/shalo/go/pkg/mod/github.com/gin-gonic/gin@v1.8.1/context.go:680 +0xb0\ndemo/src/router.getKLine(0xc000124300)\n\tC:/Users/shalo/go/src/demo/src/router/router_kline.go:9 +0x69\ngithub.com/gin-gonic/gin.(*Context).Next(0xc000124300)\n\tC:/Users/shalo/go/pkg/mod/github.com/gin-gonic/gin@v1.8.1/context.go:173 +0x7d\ndemo/src/logger.GinRecovery.func1(0xc000124300)\n\tC:/Users/shalo/go/src/demo/src/logger/logger.go:130 +0x8c\ngithub.com/gin-gonic/gin.(*Context).Next(0xc000124300)\n\tC:/Users/shalo/go/pkg/mod/github.com/gin-gonic/gin@v1.8.1/context.go:173 +0x7d\ndemo/src/logger.GinLogger.func1(0xc000124300)\n\tC:/Users/shalo/go/src/demo/src/logger/logger.go:71 +0xab\ngithub.com/gin-gonic/gin.(*Context).Next(0xc000124300)\n\tC:/Users/shalo/go/pkg/mod/github.com/gin-gonic/gin@v1.8.1/context.go:173 +0x7d\ngithub.com/gin-gonic/gin.(*Engine).handleHTTPRequest(0xc000084d00, 0xc000124300)\n\tC:/Users/shalo/go/pkg/mod/github.com/gin-gonic/gin@v1.8.1/gin.go:616 +0x434\ngithub.com/gin-gonic/gin.(*Engine).ServeHTTP(0xc000084d00, {0x1230388, 0xc0001b6000}, 0xc0000a6800)\n\tC:/Users/shalo/go/pkg/mod/github.com/gin-gonic/gin@v1.8.1/gin.go:572 +0xc5\nnet/http.serverHandler.ServeHTTP({0xc0000c22d0}, {0x1230388, 0xc0001b6000}, 0xc0000a6800)\n\tD:/Users/shalo/gosdk/go1.19.2/src/net/http/server.go:2947 +0x474\nnet/http.(*conn).serve(0xc00045d5e0, {0x1230f70, 0xc0003e0a80})\n\tD:/Users/shalo/gosdk/go1.19.2/src/net/http/server.go:1991 +0x195c\ncreated by net/http.(*Server).Serve\n\tD:/Users/shalo/gosdk/go1.19.2/src/net/http/server.go:3102 +0x9e5\n"}
{"level":"INFO","time":"2022-11-25T00:18:54.106+0800","caller":"logger/logger.go:74","msg":"/v1/kline","status":500,"method":"GET","path":"/v1/kline","query":"symbol=1a&period=1a","ip":"127.0.0.1","user-agent":"Mozilla/5.0 (Windows NT 10.0; Win64; x64) AppleWebKit/537.36 (KHTML, like Gecko) Chrome/109.0.0.0 Safari/537.36","errors":"","cost":0.0003191}
{"level":"INFO","time":"2022-11-25T00:19:10.506+0800","caller":"logger/logger.go:38","msg":"started"}
{"level":"INFO","time":"2022-11-25T00:19:10.506+0800","caller":"logger/logger.go:38","msg":"http server listening on: 127.0.0.1:8080"}
{"level":"INFO","time":"2022-11-25T00:19:12.735+0800","caller":"logger/logger.go:74","msg":"/v1/kline","status":200,"method":"GET","path":"/v1/kline","query":"symbol=1a&period=1a","ip":"127.0.0.1","user-agent":"Mozilla/5.0 (Windows NT 10.0; Win64; x64) AppleWebKit/537.36 (KHTML, like Gecko) Chrome/109.0.0.0 Safari/537.36","errors":"","cost":0}
{"level":"INFO","time":"2022-11-25T00:20:30.578+0800","caller":"logger/logger.go:38","msg":"started"}
{"level":"INFO","time":"2022-11-25T00:20:30.578+0800","caller":"logger/logger.go:38","msg":"http server listening on: 127.0.0.1:8080"}
{"level":"INFO","time":"2022-11-25T00:20:36.051+0800","caller":"logger/logger.go:74","msg":"/v1/kline","status":200,"method":"GET","path":"/v1/kline","query":"symbol=1a&period=1a","ip":"127.0.0.1","user-agent":"Mozilla/5.0 (Windows NT 10.0; Win64; x64) AppleWebKit/537.36 (KHTML, like Gecko) Chrome/109.0.0.0 Safari/537.36","errors":"","cost":0}
{"level":"INFO","time":"2022-11-25T00:20:53.727+0800","caller":"logger/logger.go:74","msg":"/v1/kline","status":200,"method":"GET","path":"/v1/kline","query":"symbol=1&period=1","ip":"127.0.0.1","user-agent":"Mozilla/5.0 (Windows NT 10.0; Win64; x64) AppleWebKit/537.36 (KHTML, like Gecko) Chrome/109.0.0.0 Safari/537.36","errors":"","cost":0.0005346}
{"level":"INFO","time":"2022-11-25T00:26:58.707+0800","caller":"logger/logger.go:38","msg":"started"}
{"level":"INFO","time":"2022-11-25T00:26:58.707+0800","caller":"logger/logger.go:38","msg":"http server listening on: 127.0.0.1:8080"}
{"level":"INFO","time":"2022-11-25T00:27:03.309+0800","caller":"logger/logger.go:74","msg":"/v1/kline","status":200,"method":"GET","path":"/v1/kline","query":"symbol=1&period=1","ip":"127.0.0.1","user-agent":"Mozilla/5.0 (Windows NT 10.0; Win64; x64) AppleWebKit/537.36 (KHTML, like Gecko) Chrome/109.0.0.0 Safari/537.36","errors":"","cost":0.0066412}
{"level":"INFO","time":"2022-11-25T00:31:22.257+0800","caller":"logger/logger.go:74","msg":"/v1/kline","status":200,"method":"GET","path":"/v1/kline","query":"symbol=1&period=1min","ip":"127.0.0.1","user-agent":"Mozilla/5.0 (Windows NT 10.0; Win64; x64) AppleWebKit/537.36 (KHTML, like Gecko) Chrome/109.0.0.0 Safari/537.36","errors":"","cost":0.0082914}
{"level":"INFO","time":"2022-11-29T01:59:07.972+0800","caller":"logger/logger.go:38","msg":"started"}
{"level":"INFO","time":"2022-11-29T01:59:07.973+0800","caller":"logger/logger.go:38","msg":"http server listening on: 127.0.0.1:8080"}
{"level":"ERROR","time":"2022-11-29T01:59:15.510+0800","caller":"logger/logger.go:42","msg":"asd","err":"json: cannot unmarshal number into Go value of type engine.Tick"}
{"level":"ERROR","time":"2022-11-29T01:59:15.616+0800","caller":"logger/logger.go:42","msg":"asd","err":"json: cannot unmarshal number into Go value of type engine.Tick"}
{"level":"ERROR","time":"2022-11-29T01:59:15.726+0800","caller":"logger/logger.go:42","msg":"asd","err":"json: cannot unmarshal number into Go value of type engine.Tick"}
{"level":"ERROR","time":"2022-11-29T01:59:15.836+0800","caller":"logger/logger.go:42","msg":"asd","err":"json: cannot unmarshal number into Go value of type engine.Tick"}
{"level":"ERROR","time":"2022-11-29T01:59:15.946+0800","caller":"logger/logger.go:42","msg":"asd","err":"json: cannot unmarshal number into Go value of type engine.Tick"}
{"level":"ERROR","time":"2022-11-29T01:59:16.054+0800","caller":"logger/logger.go:42","msg":"asd","err":"json: cannot unmarshal number into Go value of type engine.Tick"}
{"level":"ERROR","time":"2022-11-29T01:59:16.163+0800","caller":"logger/logger.go:42","msg":"asd","err":"json: cannot unmarshal number into Go value of type engine.Tick"}
{"level":"ERROR","time":"2022-11-29T01:59:16.272+0800","caller":"logger/logger.go:42","msg":"asd","err":"json: cannot unmarshal number into Go value of type engine.Tick"}
{"level":"ERROR","time":"2022-11-29T01:59:16.379+0800","caller":"logger/logger.go:42","msg":"asd","err":"json: cannot unmarshal number into Go value of type engine.Tick"}
{"level":"ERROR","time":"2022-11-29T01:59:16.491+0800","caller":"logger/logger.go:42","msg":"asd","err":"json: cannot unmarshal number into Go value of type engine.Tick"}
{"level":"ERROR","time":"2022-11-29T01:59:16.600+0800","caller":"logger/logger.go:42","msg":"asd","err":"json: cannot unmarshal number into Go value of type engine.Tick"}
{"level":"ERROR","time":"2022-11-29T01:59:16.711+0800","caller":"logger/logger.go:42","msg":"asd","err":"json: cannot unmarshal number into Go value of type engine.Tick"}
{"level":"ERROR","time":"2022-11-29T01:59:16.822+0800","caller":"logger/logger.go:42","msg":"asd","err":"json: cannot unmarshal number into Go value of type engine.Tick"}
{"level":"ERROR","time":"2022-11-29T01:59:16.932+0800","caller":"logger/logger.go:42","msg":"asd","err":"json: cannot unmarshal number into Go value of type engine.Tick"}
{"level":"ERROR","time":"2022-11-29T01:59:17.040+0800","caller":"logger/logger.go:42","msg":"asd","err":"json: cannot unmarshal number into Go value of type engine.Tick"}
{"level":"ERROR","time":"2022-11-29T01:59:17.152+0800","caller":"logger/logger.go:42","msg":"asd","err":"json: cannot unmarshal number into Go value of type engine.Tick"}
{"level":"ERROR","time":"2022-11-29T01:59:17.261+0800","caller":"logger/logger.go:42","msg":"asd","err":"json: cannot unmarshal number into Go value of type engine.Tick"}
{"level":"ERROR","time":"2022-11-29T01:59:17.370+0800","caller":"logger/logger.go:42","msg":"asd","err":"json: cannot unmarshal number into Go value of type engine.Tick"}
{"level":"ERROR","time":"2022-11-29T01:59:17.480+0800","caller":"logger/logger.go:42","msg":"asd","err":"json: cannot unmarshal number into Go value of type engine.Tick"}
{"level":"ERROR","time":"2022-11-29T01:59:17.589+0800","caller":"logger/logger.go:42","msg":"asd","err":"json: cannot unmarshal number into Go value of type engine.Tick"}
{"level":"ERROR","time":"2022-11-29T01:59:17.698+0800","caller":"logger/logger.go:42","msg":"asd","err":"json: cannot unmarshal number into Go value of type engine.Tick"}
{"level":"ERROR","time":"2022-11-29T01:59:17.808+0800","caller":"logger/logger.go:42","msg":"asd","err":"json: cannot unmarshal number into Go value of type engine.Tick"}
{"level":"ERROR","time":"2022-11-29T01:59:17.916+0800","caller":"logger/logger.go:42","msg":"asd","err":"json: cannot unmarshal number into Go value of type engine.Tick"}
{"level":"ERROR","time":"2022-11-29T01:59:18.025+0800","caller":"logger/logger.go:42","msg":"asd","err":"json: cannot unmarshal number into Go value of type engine.Tick"}
{"level":"ERROR","time":"2022-11-29T01:59:18.135+0800","caller":"logger/logger.go:42","msg":"asd","err":"json: cannot unmarshal number into Go value of type engine.Tick"}
{"level":"ERROR","time":"2022-11-29T01:59:18.244+0800","caller":"logger/logger.go:42","msg":"asd","err":"json: cannot unmarshal number into Go value of type engine.Tick"}
{"level":"ERROR","time":"2022-11-29T01:59:18.352+0800","caller":"logger/logger.go:42","msg":"asd","err":"json: cannot unmarshal number into Go value of type engine.Tick"}
{"level":"ERROR","time":"2022-11-29T01:59:18.460+0800","caller":"logger/logger.go:42","msg":"asd","err":"json: cannot unmarshal number into Go value of type engine.Tick"}
{"level":"ERROR","time":"2022-11-29T01:59:18.570+0800","caller":"logger/logger.go:42","msg":"asd","err":"json: cannot unmarshal number into Go value of type engine.Tick"}
{"level":"ERROR","time":"2022-11-29T01:59:18.679+0800","caller":"logger/logger.go:42","msg":"asd","err":"json: cannot unmarshal number into Go value of type engine.Tick"}
{"level":"ERROR","time":"2022-11-29T01:59:18.787+0800","caller":"logger/logger.go:42","msg":"asd","err":"json: cannot unmarshal number into Go value of type engine.Tick"}
{"level":"ERROR","time":"2022-11-29T01:59:18.895+0800","caller":"logger/logger.go:42","msg":"asd","err":"json: cannot unmarshal number into Go value of type engine.Tick"}
{"level":"ERROR","time":"2022-11-29T01:59:19.004+0800","caller":"logger/logger.go:42","msg":"asd","err":"json: cannot unmarshal number into Go value of type engine.Tick"}
{"level":"ERROR","time":"2022-11-29T01:59:19.113+0800","caller":"logger/logger.go:42","msg":"asd","err":"json: cannot unmarshal number into Go value of type engine.Tick"}
{"level":"ERROR","time":"2022-11-29T01:59:19.220+0800","caller":"logger/logger.go:42","msg":"asd","err":"json: cannot unmarshal number into Go value of type engine.Tick"}
{"level":"ERROR","time":"2022-11-29T01:59:19.329+0800","caller":"logger/logger.go:42","msg":"asd","err":"json: cannot unmarshal number into Go value of type engine.Tick"}
{"level":"ERROR","time":"2022-11-29T01:59:19.439+0800","caller":"logger/logger.go:42","msg":"asd","err":"json: cannot unmarshal number into Go value of type engine.Tick"}
{"level":"ERROR","time":"2022-11-29T01:59:19.551+0800","caller":"logger/logger.go:42","msg":"asd","err":"json: cannot unmarshal number into Go value of type engine.Tick"}
{"level":"ERROR","time":"2022-11-29T01:59:19.660+0800","caller":"logger/logger.go:42","msg":"asd","err":"json: cannot unmarshal number into Go value of type engine.Tick"}
{"level":"ERROR","time":"2022-11-29T01:59:19.769+0800","caller":"logger/logger.go:42","msg":"asd","err":"json: cannot unmarshal number into Go value of type engine.Tick"}
{"level":"ERROR","time":"2022-11-29T01:59:19.880+0800","caller":"logger/logger.go:42","msg":"asd","err":"json: cannot unmarshal number into Go value of type engine.Tick"}
{"level":"ERROR","time":"2022-11-29T01:59:19.988+0800","caller":"logger/logger.go:42","msg":"asd","err":"json: cannot unmarshal number into Go value of type engine.Tick"}
{"level":"ERROR","time":"2022-11-29T01:59:20.097+0800","caller":"logger/logger.go:42","msg":"asd","err":"json: cannot unmarshal number into Go value of type engine.Tick"}
{"level":"ERROR","time":"2022-11-29T01:59:20.207+0800","caller":"logger/logger.go:42","msg":"asd","err":"json: cannot unmarshal number into Go value of type engine.Tick"}
{"level":"ERROR","time":"2022-11-29T01:59:20.315+0800","caller":"logger/logger.go:42","msg":"asd","err":"json: cannot unmarshal number into Go value of type engine.Tick"}
{"level":"ERROR","time":"2022-11-29T01:59:20.425+0800","caller":"logger/logger.go:42","msg":"asd","err":"json: cannot unmarshal number into Go value of type engine.Tick"}
{"level":"ERROR","time":"2022-11-29T01:59:20.534+0800","caller":"logger/logger.go:42","msg":"asd","err":"json: cannot unmarshal number into Go value of type engine.Tick"}
{"level":"ERROR","time":"2022-11-29T01:59:20.644+0800","caller":"logger/logger.go:42","msg":"asd","err":"json: cannot unmarshal number into Go value of type engine.Tick"}
{"level":"ERROR","time":"2022-11-29T01:59:20.752+0800","caller":"logger/logger.go:42","msg":"asd","err":"json: cannot unmarshal number into Go value of type engine.Tick"}
{"level":"ERROR","time":"2022-11-29T01:59:20.861+0800","caller":"logger/logger.go:42","msg":"asd","err":"json: cannot unmarshal number into Go value of type engine.Tick"}
{"level":"ERROR","time":"2022-11-29T01:59:20.969+0800","caller":"logger/logger.go:42","msg":"asd","err":"json: cannot unmarshal number into Go value of type engine.Tick"}
{"level":"ERROR","time":"2022-11-29T01:59:21.078+0800","caller":"logger/logger.go:42","msg":"asd","err":"json: cannot unmarshal number into Go value of type engine.Tick"}
{"level":"ERROR","time":"2022-11-29T01:59:21.186+0800","caller":"logger/logger.go:42","msg":"asd","err":"json: cannot unmarshal number into Go value of type engine.Tick"}
{"level":"ERROR","time":"2022-11-29T01:59:21.297+0800","caller":"logger/logger.go:42","msg":"asd","err":"json: cannot unmarshal number into Go value of type engine.Tick"}
{"level":"ERROR","time":"2022-11-29T01:59:21.409+0800","caller":"logger/logger.go:42","msg":"asd","err":"json: cannot unmarshal number into Go value of type engine.Tick"}
{"level":"ERROR","time":"2022-11-29T01:59:21.517+0800","caller":"logger/logger.go:42","msg":"asd","err":"json: cannot unmarshal number into Go value of type engine.Tick"}
{"level":"ERROR","time":"2022-11-29T01:59:21.627+0800","caller":"logger/logger.go:42","msg":"asd","err":"json: cannot unmarshal number into Go value of type engine.Tick"}
{"level":"ERROR","time":"2022-11-29T01:59:21.736+0800","caller":"logger/logger.go:42","msg":"asd","err":"json: cannot unmarshal number into Go value of type engine.Tick"}
{"level":"ERROR","time":"2022-11-29T01:59:21.846+0800","caller":"logger/logger.go:42","msg":"asd","err":"json: cannot unmarshal number into Go value of type engine.Tick"}
{"level":"ERROR","time":"2022-11-29T01:59:21.957+0800","caller":"logger/logger.go:42","msg":"asd","err":"json: cannot unmarshal number into Go value of type engine.Tick"}
{"level":"ERROR","time":"2022-11-29T01:59:22.068+0800","caller":"logger/logger.go:42","msg":"asd","err":"json: cannot unmarshal number into Go value of type engine.Tick"}
{"level":"ERROR","time":"2022-11-29T01:59:22.177+0800","caller":"logger/logger.go:42","msg":"asd","err":"json: cannot unmarshal number into Go value of type engine.Tick"}
{"level":"ERROR","time":"2022-11-29T01:59:22.285+0800","caller":"logger/logger.go:42","msg":"asd","err":"json: cannot unmarshal number into Go value of type engine.Tick"}
{"level":"ERROR","time":"2022-11-29T01:59:22.393+0800","caller":"logger/logger.go:42","msg":"asd","err":"json: cannot unmarshal number into Go value of type engine.Tick"}
{"level":"ERROR","time":"2022-11-29T01:59:22.502+0800","caller":"logger/logger.go:42","msg":"asd","err":"json: cannot unmarshal number into Go value of type engine.Tick"}
{"level":"ERROR","time":"2022-11-29T01:59:22.611+0800","caller":"logger/logger.go:42","msg":"asd","err":"json: cannot unmarshal number into Go value of type engine.Tick"}
{"level":"ERROR","time":"2022-11-29T01:59:22.723+0800","caller":"logger/logger.go:42","msg":"asd","err":"json: cannot unmarshal number into Go value of type engine.Tick"}
{"level":"ERROR","time":"2022-11-29T01:59:22.832+0800","caller":"logger/logger.go:42","msg":"asd","err":"json: cannot unmarshal number into Go value of type engine.Tick"}
{"level":"ERROR","time":"2022-11-29T01:59:22.940+0800","caller":"logger/logger.go:42","msg":"asd","err":"json: cannot unmarshal number into Go value of type engine.Tick"}
{"level":"ERROR","time":"2022-11-29T01:59:23.048+0800","caller":"logger/logger.go:42","msg":"asd","err":"json: cannot unmarshal number into Go value of type engine.Tick"}
{"level":"ERROR","time":"2022-11-29T01:59:23.158+0800","caller":"logger/logger.go:42","msg":"asd","err":"json: cannot unmarshal number into Go value of type engine.Tick"}
{"level":"ERROR","time":"2022-11-29T01:59:23.267+0800","caller":"logger/logger.go:42","msg":"asd","err":"json: cannot unmarshal number into Go value of type engine.Tick"}
{"level":"ERROR","time":"2022-11-29T01:59:23.376+0800","caller":"logger/logger.go:42","msg":"asd","err":"json: cannot unmarshal number into Go value of type engine.Tick"}
{"level":"ERROR","time":"2022-11-29T01:59:23.486+0800","caller":"logger/logger.go:42","msg":"asd","err":"json: cannot unmarshal number into Go value of type engine.Tick"}
{"level":"ERROR","time":"2022-11-29T01:59:23.595+0800","caller":"logger/logger.go:42","msg":"asd","err":"json: cannot unmarshal number into Go value of type engine.Tick"}
{"level":"ERROR","time":"2022-11-29T01:59:23.703+0800","caller":"logger/logger.go:42","msg":"asd","err":"json: cannot unmarshal number into Go value of type engine.Tick"}
{"level":"ERROR","time":"2022-11-29T01:59:23.812+0800","caller":"logger/logger.go:42","msg":"asd","err":"json: cannot unmarshal number into Go value of type engine.Tick"}
{"level":"ERROR","time":"2022-11-29T01:59:23.921+0800","caller":"logger/logger.go:42","msg":"asd","err":"json: cannot unmarshal number into Go value of type engine.Tick"}
{"level":"ERROR","time":"2022-11-29T01:59:24.029+0800","caller":"logger/logger.go:42","msg":"asd","err":"json: cannot unmarshal number into Go value of type engine.Tick"}
{"level":"ERROR","time":"2022-11-29T01:59:24.138+0800","caller":"logger/logger.go:42","msg":"asd","err":"json: cannot unmarshal number into Go value of type engine.Tick"}
{"level":"ERROR","time":"2022-11-29T01:59:24.247+0800","caller":"logger/logger.go:42","msg":"asd","err":"json: cannot unmarshal number into Go value of type engine.Tick"}
{"level":"ERROR","time":"2022-11-29T01:59:24.356+0800","caller":"logger/logger.go:42","msg":"asd","err":"json: cannot unmarshal number into Go value of type engine.Tick"}
{"level":"ERROR","time":"2022-11-29T01:59:24.466+0800","caller":"logger/logger.go:42","msg":"asd","err":"json: cannot unmarshal number into Go value of type engine.Tick"}
{"level":"ERROR","time":"2022-11-29T01:59:24.575+0800","caller":"logger/logger.go:42","msg":"asd","err":"json: cannot unmarshal number into Go value of type engine.Tick"}
{"level":"ERROR","time":"2022-11-29T01:59:24.686+0800","caller":"logger/logger.go:42","msg":"asd","err":"json: cannot unmarshal number into Go value of type engine.Tick"}
{"level":"ERROR","time":"2022-11-29T01:59:24.796+0800","caller":"logger/logger.go:42","msg":"asd","err":"json: cannot unmarshal number into Go value of type engine.Tick"}
{"level":"ERROR","time":"2022-11-29T01:59:24.904+0800","caller":"logger/logger.go:42","msg":"asd","err":"json: cannot unmarshal number into Go value of type engine.Tick"}
{"level":"ERROR","time":"2022-11-29T01:59:25.014+0800","caller":"logger/logger.go:42","msg":"asd","err":"json: cannot unmarshal number into Go value of type engine.Tick"}
{"level":"ERROR","time":"2022-11-29T01:59:25.122+0800","caller":"logger/logger.go:42","msg":"asd","err":"json: cannot unmarshal number into Go value of type engine.Tick"}
{"level":"ERROR","time":"2022-11-29T01:59:25.230+0800","caller":"logger/logger.go:42","msg":"asd","err":"json: cannot unmarshal number into Go value of type engine.Tick"}
{"level":"ERROR","time":"2022-11-29T01:59:25.340+0800","caller":"logger/logger.go:42","msg":"asd","err":"json: cannot unmarshal number into Go value of type engine.Tick"}
{"level":"ERROR","time":"2022-11-29T01:59:25.449+0800","caller":"logger/logger.go:42","msg":"asd","err":"json: cannot unmarshal number into Go value of type engine.Tick"}
{"level":"ERROR","time":"2022-11-29T01:59:25.555+0800","caller":"logger/logger.go:42","msg":"asd","err":"json: cannot unmarshal number into Go value of type engine.Tick"}
{"level":"ERROR","time":"2022-11-29T01:59:25.666+0800","caller":"logger/logger.go:42","msg":"asd","err":"json: cannot unmarshal number into Go value of type engine.Tick"}
{"level":"ERROR","time":"2022-11-29T01:59:25.776+0800","caller":"logger/logger.go:42","msg":"asd","err":"json: cannot unmarshal number into Go value of type engine.Tick"}
{"level":"ERROR","time":"2022-11-29T01:59:25.885+0800","caller":"logger/logger.go:42","msg":"asd","err":"json: cannot unmarshal number into Go value of type engine.Tick"}
{"level":"ERROR","time":"2022-11-29T01:59:25.993+0800","caller":"logger/logger.go:42","msg":"asd","err":"json: cannot unmarshal number into Go value of type engine.Tick"}
{"level":"ERROR","time":"2022-11-29T01:59:26.102+0800","caller":"logger/logger.go:42","msg":"asd","err":"json: cannot unmarshal number into Go value of type engine.Tick"}
{"level":"ERROR","time":"2022-11-29T01:59:26.210+0800","caller":"logger/logger.go:42","msg":"asd","err":"json: cannot unmarshal number into Go value of type engine.Tick"}
{"level":"ERROR","time":"2022-11-29T01:59:26.319+0800","caller":"logger/logger.go:42","msg":"asd","err":"json: cannot unmarshal number into Go value of type engine.Tick"}
{"level":"ERROR","time":"2022-11-29T01:59:26.426+0800","caller":"logger/logger.go:42","msg":"asd","err":"json: cannot unmarshal number into Go value of type engine.Tick"}
{"level":"ERROR","time":"2022-11-29T01:59:26.535+0800","caller":"logger/logger.go:42","msg":"asd","err":"json: cannot unmarshal number into Go value of type engine.Tick"}
{"level":"ERROR","time":"2022-11-29T01:59:26.644+0800","caller":"logger/logger.go:42","msg":"asd","err":"json: cannot unmarshal number into Go value of type engine.Tick"}
{"level":"ERROR","time":"2022-11-29T01:59:26.752+0800","caller":"logger/logger.go:42","msg":"asd","err":"json: cannot unmarshal number into Go value of type engine.Tick"}
{"level":"ERROR","time":"2022-11-29T01:59:26.861+0800","caller":"logger/logger.go:42","msg":"asd","err":"json: cannot unmarshal number into Go value of type engine.Tick"}
{"level":"ERROR","time":"2022-11-29T01:59:26.971+0800","caller":"logger/logger.go:42","msg":"asd","err":"json: cannot unmarshal number into Go value of type engine.Tick"}
{"level":"ERROR","time":"2022-11-29T01:59:27.080+0800","caller":"logger/logger.go:42","msg":"asd","err":"json: cannot unmarshal number into Go value of type engine.Tick"}
{"level":"ERROR","time":"2022-11-29T01:59:27.190+0800","caller":"logger/logger.go:42","msg":"asd","err":"json: cannot unmarshal number into Go value of type engine.Tick"}
{"level":"ERROR","time":"2022-11-29T01:59:27.300+0800","caller":"logger/logger.go:42","msg":"asd","err":"json: cannot unmarshal number into Go value of type engine.Tick"}
{"level":"ERROR","time":"2022-11-29T01:59:27.409+0800","caller":"logger/logger.go:42","msg":"asd","err":"json: cannot unmarshal number into Go value of type engine.Tick"}
{"level":"ERROR","time":"2022-11-29T01:59:27.519+0800","caller":"logger/logger.go:42","msg":"asd","err":"json: cannot unmarshal number into Go value of type engine.Tick"}
{"level":"ERROR","time":"2022-11-29T01:59:27.628+0800","caller":"logger/logger.go:42","msg":"asd","err":"json: cannot unmarshal number into Go value of type engine.Tick"}
{"level":"ERROR","time":"2022-11-29T01:59:27.738+0800","caller":"logger/logger.go:42","msg":"asd","err":"json: cannot unmarshal number into Go value of type engine.Tick"}
{"level":"ERROR","time":"2022-11-29T01:59:27.847+0800","caller":"logger/logger.go:42","msg":"asd","err":"json: cannot unmarshal number into Go value of type engine.Tick"}
{"level":"ERROR","time":"2022-11-29T01:59:27.958+0800","caller":"logger/logger.go:42","msg":"asd","err":"json: cannot unmarshal number into Go value of type engine.Tick"}
{"level":"ERROR","time":"2022-11-29T01:59:28.068+0800","caller":"logger/logger.go:42","msg":"asd","err":"json: cannot unmarshal number into Go value of type engine.Tick"}
{"level":"ERROR","time":"2022-11-29T01:59:28.179+0800","caller":"logger/logger.go:42","msg":"asd","err":"json: cannot unmarshal number into Go value of type engine.Tick"}
{"level":"ERROR","time":"2022-11-29T01:59:28.288+0800","caller":"logger/logger.go:42","msg":"asd","err":"json: cannot unmarshal number into Go value of type engine.Tick"}
{"level":"ERROR","time":"2022-11-29T01:59:28.397+0800","caller":"logger/logger.go:42","msg":"asd","err":"json: cannot unmarshal number into Go value of type engine.Tick"}
{"level":"ERROR","time":"2022-11-29T01:59:28.507+0800","caller":"logger/logger.go:42","msg":"asd","err":"json: cannot unmarshal number into Go value of type engine.Tick"}
{"level":"ERROR","time":"2022-11-29T01:59:28.616+0800","caller":"logger/logger.go:42","msg":"asd","err":"json: cannot unmarshal number into Go value of type engine.Tick"}
{"level":"ERROR","time":"2022-11-29T01:59:28.726+0800","caller":"logger/logger.go:42","msg":"asd","err":"json: cannot unmarshal number into Go value of type engine.Tick"}
{"level":"ERROR","time":"2022-11-29T01:59:28.834+0800","caller":"logger/logger.go:42","msg":"asd","err":"json: cannot unmarshal number into Go value of type engine.Tick"}
{"level":"ERROR","time":"2022-11-29T01:59:28.945+0800","caller":"logger/logger.go:42","msg":"asd","err":"json: cannot unmarshal number into Go value of type engine.Tick"}
{"level":"ERROR","time":"2022-11-29T01:59:29.052+0800","caller":"logger/logger.go:42","msg":"asd","err":"json: cannot unmarshal number into Go value of type engine.Tick"}
{"level":"ERROR","time":"2022-11-29T01:59:29.160+0800","caller":"logger/logger.go:42","msg":"asd","err":"json: cannot unmarshal number into Go value of type engine.Tick"}
{"level":"ERROR","time":"2022-11-29T01:59:29.269+0800","caller":"logger/logger.go:42","msg":"asd","err":"json: cannot unmarshal number into Go value of type engine.Tick"}
{"level":"ERROR","time":"2022-11-29T01:59:29.377+0800","caller":"logger/logger.go:42","msg":"asd","err":"json: cannot unmarshal number into Go value of type engine.Tick"}
{"level":"ERROR","time":"2022-11-29T01:59:29.485+0800","caller":"logger/logger.go:42","msg":"asd","err":"json: cannot unmarshal number into Go value of type engine.Tick"}
{"level":"ERROR","time":"2022-11-29T01:59:29.594+0800","caller":"logger/logger.go:42","msg":"asd","err":"json: cannot unmarshal number into Go value of type engine.Tick"}
{"level":"ERROR","time":"2022-11-29T01:59:29.703+0800","caller":"logger/logger.go:42","msg":"asd","err":"json: cannot unmarshal number into Go value of type engine.Tick"}
{"level":"ERROR","time":"2022-11-29T01:59:29.812+0800","caller":"logger/logger.go:42","msg":"asd","err":"json: cannot unmarshal number into Go value of type engine.Tick"}
{"level":"ERROR","time":"2022-11-29T01:59:29.922+0800","caller":"logger/logger.go:42","msg":"asd","err":"json: cannot unmarshal number into Go value of type engine.Tick"}
{"level":"ERROR","time":"2022-11-29T01:59:30.031+0800","caller":"logger/logger.go:42","msg":"asd","err":"json: cannot unmarshal number into Go value of type engine.Tick"}
{"level":"ERROR","time":"2022-11-29T01:59:30.140+0800","caller":"logger/logger.go:42","msg":"asd","err":"json: cannot unmarshal number into Go value of type engine.Tick"}
{"level":"ERROR","time":"2022-11-29T01:59:30.251+0800","caller":"logger/logger.go:42","msg":"asd","err":"json: cannot unmarshal number into Go value of type engine.Tick"}
{"level":"ERROR","time":"2022-11-29T01:59:30.359+0800","caller":"logger/logger.go:42","msg":"asd","err":"json: cannot unmarshal number into Go value of type engine.Tick"}
{"level":"ERROR","time":"2022-11-29T01:59:30.468+0800","caller":"logger/logger.go:42","msg":"asd","err":"json: cannot unmarshal number into Go value of type engine.Tick"}
{"level":"ERROR","time":"2022-11-29T01:59:30.576+0800","caller":"logger/logger.go:42","msg":"asd","err":"json: cannot unmarshal number into Go value of type engine.Tick"}
{"level":"ERROR","time":"2022-11-29T01:59:30.684+0800","caller":"logger/logger.go:42","msg":"asd","err":"json: cannot unmarshal number into Go value of type engine.Tick"}
{"level":"ERROR","time":"2022-11-29T01:59:30.795+0800","caller":"logger/logger.go:42","msg":"asd","err":"json: cannot unmarshal number into Go value of type engine.Tick"}
{"level":"ERROR","time":"2022-11-29T01:59:30.904+0800","caller":"logger/logger.go:42","msg":"asd","err":"json: cannot unmarshal number into Go value of type engine.Tick"}
{"level":"ERROR","time":"2022-11-29T01:59:31.012+0800","caller":"logger/logger.go:42","msg":"asd","err":"json: cannot unmarshal number into Go value of type engine.Tick"}
{"level":"ERROR","time":"2022-11-29T01:59:31.122+0800","caller":"logger/logger.go:42","msg":"asd","err":"json: cannot unmarshal number into Go value of type engine.Tick"}
{"level":"ERROR","time":"2022-11-29T01:59:31.231+0800","caller":"logger/logger.go:42","msg":"asd","err":"json: cannot unmarshal number into Go value of type engine.Tick"}
{"level":"ERROR","time":"2022-11-29T01:59:31.340+0800","caller":"logger/logger.go:42","msg":"asd","err":"json: cannot unmarshal number into Go value of type engine.Tick"}
{"level":"ERROR","time":"2022-11-29T01:59:31.448+0800","caller":"logger/logger.go:42","msg":"asd","err":"json: cannot unmarshal number into Go value of type engine.Tick"}
{"level":"ERROR","time":"2022-11-29T01:59:31.556+0800","caller":"logger/logger.go:42","msg":"asd","err":"json: cannot unmarshal number into Go value of type engine.Tick"}
{"level":"ERROR","time":"2022-11-29T01:59:31.664+0800","caller":"logger/logger.go:42","msg":"asd","err":"json: cannot unmarshal number into Go value of type engine.Tick"}
{"level":"ERROR","time":"2022-11-29T01:59:31.774+0800","caller":"logger/logger.go:42","msg":"asd","err":"json: cannot unmarshal number into Go value of type engine.Tick"}
{"level":"ERROR","time":"2022-11-29T01:59:31.882+0800","caller":"logger/logger.go:42","msg":"asd","err":"json: cannot unmarshal number into Go value of type engine.Tick"}
{"level":"ERROR","time":"2022-11-29T01:59:31.991+0800","caller":"logger/logger.go:42","msg":"asd","err":"json: cannot unmarshal number into Go value of type engine.Tick"}
{"level":"ERROR","time":"2022-11-29T01:59:32.102+0800","caller":"logger/logger.go:42","msg":"asd","err":"json: cannot unmarshal number into Go value of type engine.Tick"}
{"level":"ERROR","time":"2022-11-29T01:59:32.210+0800","caller":"logger/logger.go:42","msg":"asd","err":"json: cannot unmarshal number into Go value of type engine.Tick"}
{"level":"ERROR","time":"2022-11-29T01:59:32.319+0800","caller":"logger/logger.go:42","msg":"asd","err":"json: cannot unmarshal number into Go value of type engine.Tick"}
{"level":"ERROR","time":"2022-11-29T01:59:32.428+0800","caller":"logger/logger.go:42","msg":"asd","err":"json: cannot unmarshal number into Go value of type engine.Tick"}
{"level":"ERROR","time":"2022-11-29T01:59:32.537+0800","caller":"logger/logger.go:42","msg":"asd","err":"json: cannot unmarshal number into Go value of type engine.Tick"}
{"level":"ERROR","time":"2022-11-29T01:59:32.648+0800","caller":"logger/logger.go:42","msg":"asd","err":"json: cannot unmarshal number into Go value of type engine.Tick"}
{"level":"ERROR","time":"2022-11-29T01:59:32.756+0800","caller":"logger/logger.go:42","msg":"asd","err":"json: cannot unmarshal number into Go value of type engine.Tick"}
{"level":"ERROR","time":"2022-11-29T01:59:32.866+0800","caller":"logger/logger.go:42","msg":"asd","err":"json: cannot unmarshal number into Go value of type engine.Tick"}
{"level":"ERROR","time":"2022-11-29T01:59:32.974+0800","caller":"logger/logger.go:42","msg":"asd","err":"json: cannot unmarshal number into Go value of type engine.Tick"}
{"level":"ERROR","time":"2022-11-29T01:59:33.082+0800","caller":"logger/logger.go:42","msg":"asd","err":"json: cannot unmarshal number into Go value of type engine.Tick"}
{"level":"ERROR","time":"2022-11-29T01:59:33.192+0800","caller":"logger/logger.go:42","msg":"asd","err":"json: cannot unmarshal number into Go value of type engine.Tick"}
{"level":"ERROR","time":"2022-11-29T01:59:33.300+0800","caller":"logger/logger.go:42","msg":"asd","err":"json: cannot unmarshal number into Go value of type engine.Tick"}
{"level":"ERROR","time":"2022-11-29T01:59:33.409+0800","caller":"logger/logger.go:42","msg":"asd","err":"json: cannot unmarshal number into Go value of type engine.Tick"}
{"level":"ERROR","time":"2022-11-29T01:59:33.519+0800","caller":"logger/logger.go:42","msg":"asd","err":"json: cannot unmarshal number into Go value of type engine.Tick"}
{"level":"ERROR","time":"2022-11-29T01:59:33.629+0800","caller":"logger/logger.go:42","msg":"asd","err":"json: cannot unmarshal number into Go value of type engine.Tick"}
{"level":"ERROR","time":"2022-11-29T01:59:33.737+0800","caller":"logger/logger.go:42","msg":"asd","err":"json: cannot unmarshal number into Go value of type engine.Tick"}
{"level":"ERROR","time":"2022-11-29T01:59:33.846+0800","caller":"logger/logger.go:42","msg":"asd","err":"json: cannot unmarshal number into Go value of type engine.Tick"}
{"level":"ERROR","time":"2022-11-29T01:59:33.956+0800","caller":"logger/logger.go:42","msg":"asd","err":"json: cannot unmarshal number into Go value of type engine.Tick"}
{"level":"ERROR","time":"2022-11-29T01:59:34.066+0800","caller":"logger/logger.go:42","msg":"asd","err":"json: cannot unmarshal number into Go value of type engine.Tick"}
{"level":"ERROR","time":"2022-11-29T01:59:34.174+0800","caller":"logger/logger.go:42","msg":"asd","err":"json: cannot unmarshal number into Go value of type engine.Tick"}
{"level":"ERROR","time":"2022-11-29T01:59:34.283+0800","caller":"logger/logger.go:42","msg":"asd","err":"json: cannot unmarshal number into Go value of type engine.Tick"}
{"level":"ERROR","time":"2022-11-29T01:59:34.391+0800","caller":"logger/logger.go:42","msg":"asd","err":"json: cannot unmarshal number into Go value of type engine.Tick"}
{"level":"ERROR","time":"2022-11-29T01:59:34.500+0800","caller":"logger/logger.go:42","msg":"asd","err":"json: cannot unmarshal number into Go value of type engine.Tick"}
{"level":"ERROR","time":"2022-11-29T01:59:34.608+0800","caller":"logger/logger.go:42","msg":"asd","err":"json: cannot unmarshal number into Go value of type engine.Tick"}
{"level":"ERROR","time":"2022-11-29T01:59:34.718+0800","caller":"logger/logger.go:42","msg":"asd","err":"json: cannot unmarshal number into Go value of type engine.Tick"}
{"level":"ERROR","time":"2022-11-29T01:59:34.828+0800","caller":"logger/logger.go:42","msg":"asd","err":"json: cannot unmarshal number into Go value of type engine.Tick"}
{"level":"ERROR","time":"2022-11-29T01:59:34.937+0800","caller":"logger/logger.go:42","msg":"asd","err":"json: cannot unmarshal number into Go value of type engine.Tick"}
{"level":"ERROR","time":"2022-11-29T01:59:35.044+0800","caller":"logger/logger.go:42","msg":"asd","err":"json: cannot unmarshal number into Go value of type engine.Tick"}
{"level":"ERROR","time":"2022-11-29T01:59:35.152+0800","caller":"logger/logger.go:42","msg":"asd","err":"json: cannot unmarshal number into Go value of type engine.Tick"}
{"level":"ERROR","time":"2022-11-29T01:59:35.261+0800","caller":"logger/logger.go:42","msg":"asd","err":"json: cannot unmarshal number into Go value of type engine.Tick"}
{"level":"ERROR","time":"2022-11-29T01:59:35.373+0800","caller":"logger/logger.go:42","msg":"asd","err":"json: cannot unmarshal number into Go value of type engine.Tick"}
{"level":"ERROR","time":"2022-11-29T01:59:35.480+0800","caller":"logger/logger.go:42","msg":"asd","err":"json: cannot unmarshal number into Go value of type engine.Tick"}
{"level":"ERROR","time":"2022-11-29T01:59:35.589+0800","caller":"logger/logger.go:42","msg":"asd","err":"json: cannot unmarshal number into Go value of type engine.Tick"}
{"level":"ERROR","time":"2022-11-29T01:59:35.699+0800","caller":"logger/logger.go:42","msg":"asd","err":"json: cannot unmarshal number into Go value of type engine.Tick"}
{"level":"ERROR","time":"2022-11-29T01:59:35.809+0800","caller":"logger/logger.go:42","msg":"asd","err":"json: cannot unmarshal number into Go value of type engine.Tick"}
{"level":"ERROR","time":"2022-11-29T01:59:35.917+0800","caller":"logger/logger.go:42","msg":"asd","err":"json: cannot unmarshal number into Go value of type engine.Tick"}
{"level":"ERROR","time":"2022-11-29T01:59:36.026+0800","caller":"logger/logger.go:42","msg":"asd","err":"json: cannot unmarshal number into Go value of type engine.Tick"}
{"level":"ERROR","time":"2022-11-29T01:59:36.135+0800","caller":"logger/logger.go:42","msg":"asd","err":"json: cannot unmarshal number into Go value of type engine.Tick"}
{"level":"ERROR","time":"2022-11-29T01:59:36.245+0800","caller":"logger/logger.go:42","msg":"asd","err":"json: cannot unmarshal number into Go value of type engine.Tick"}
{"level":"ERROR","time":"2022-11-29T01:59:36.355+0800","caller":"logger/logger.go:42","msg":"asd","err":"json: cannot unmarshal number into Go value of type engine.Tick"}
{"level":"ERROR","time":"2022-11-29T01:59:36.462+0800","caller":"logger/logger.go:42","msg":"asd","err":"json: cannot unmarshal number into Go value of type engine.Tick"}
{"level":"ERROR","time":"2022-11-29T01:59:36.572+0800","caller":"logger/logger.go:42","msg":"asd","err":"json: cannot unmarshal number into Go value of type engine.Tick"}
{"level":"ERROR","time":"2022-11-29T01:59:36.681+0800","caller":"logger/logger.go:42","msg":"asd","err":"json: cannot unmarshal number into Go value of type engine.Tick"}
{"level":"ERROR","time":"2022-11-29T01:59:36.791+0800","caller":"logger/logger.go:42","msg":"asd","err":"json: cannot unmarshal number into Go value of type engine.Tick"}
{"level":"ERROR","time":"2022-11-29T01:59:36.901+0800","caller":"logger/logger.go:42","msg":"asd","err":"json: cannot unmarshal number into Go value of type engine.Tick"}
{"level":"ERROR","time":"2022-11-29T01:59:37.012+0800","caller":"logger/logger.go:42","msg":"asd","err":"json: cannot unmarshal number into Go value of type engine.Tick"}
{"level":"ERROR","time":"2022-11-29T01:59:37.123+0800","caller":"logger/logger.go:42","msg":"asd","err":"json: cannot unmarshal number into Go value of type engine.Tick"}
{"level":"ERROR","time":"2022-11-29T01:59:37.232+0800","caller":"logger/logger.go:42","msg":"asd","err":"json: cannot unmarshal number into Go value of type engine.Tick"}
{"level":"ERROR","time":"2022-11-29T01:59:37.342+0800","caller":"logger/logger.go:42","msg":"asd","err":"json: cannot unmarshal number into Go value of type engine.Tick"}
{"level":"ERROR","time":"2022-11-29T01:59:37.450+0800","caller":"logger/logger.go:42","msg":"asd","err":"json: cannot unmarshal number into Go value of type engine.Tick"}
{"level":"ERROR","time":"2022-11-29T01:59:37.560+0800","caller":"logger/logger.go:42","msg":"asd","err":"json: cannot unmarshal number into Go value of type engine.Tick"}
{"level":"ERROR","time":"2022-11-29T01:59:37.668+0800","caller":"logger/logger.go:42","msg":"asd","err":"json: cannot unmarshal number into Go value of type engine.Tick"}
{"level":"ERROR","time":"2022-11-29T01:59:37.777+0800","caller":"logger/logger.go:42","msg":"asd","err":"json: cannot unmarshal number into Go value of type engine.Tick"}
{"level":"ERROR","time":"2022-11-29T01:59:37.885+0800","caller":"logger/logger.go:42","msg":"asd","err":"json: cannot unmarshal number into Go value of type engine.Tick"}
{"level":"ERROR","time":"2022-11-29T01:59:37.995+0800","caller":"logger/logger.go:42","msg":"asd","err":"json: cannot unmarshal number into Go value of type engine.Tick"}
{"level":"ERROR","time":"2022-11-29T01:59:38.104+0800","caller":"logger/logger.go:42","msg":"asd","err":"json: cannot unmarshal number into Go value of type engine.Tick"}
{"level":"ERROR","time":"2022-11-29T01:59:38.215+0800","caller":"logger/logger.go:42","msg":"asd","err":"json: cannot unmarshal number into Go value of type engine.Tick"}
{"level":"ERROR","time":"2022-11-29T01:59:38.323+0800","caller":"logger/logger.go:42","msg":"asd","err":"json: cannot unmarshal number into Go value of type engine.Tick"}
{"level":"ERROR","time":"2022-11-29T01:59:38.432+0800","caller":"logger/logger.go:42","msg":"asd","err":"json: cannot unmarshal number into Go value of type engine.Tick"}
{"level":"ERROR","time":"2022-11-29T01:59:38.540+0800","caller":"logger/logger.go:42","msg":"asd","err":"json: cannot unmarshal number into Go value of type engine.Tick"}
{"level":"ERROR","time":"2022-11-29T01:59:38.649+0800","caller":"logger/logger.go:42","msg":"asd","err":"json: cannot unmarshal number into Go value of type engine.Tick"}
{"level":"ERROR","time":"2022-11-29T01:59:38.757+0800","caller":"logger/logger.go:42","msg":"asd","err":"json: cannot unmarshal number into Go value of type engine.Tick"}
{"level":"ERROR","time":"2022-11-29T01:59:38.867+0800","caller":"logger/logger.go:42","msg":"asd","err":"json: cannot unmarshal number into Go value of type engine.Tick"}
{"level":"ERROR","time":"2022-11-29T01:59:38.976+0800","caller":"logger/logger.go:42","msg":"asd","err":"json: cannot unmarshal number into Go value of type engine.Tick"}
{"level":"ERROR","time":"2022-11-29T01:59:39.084+0800","caller":"logger/logger.go:42","msg":"asd","err":"json: cannot unmarshal number into Go value of type engine.Tick"}
{"level":"ERROR","time":"2022-11-29T01:59:39.193+0800","caller":"logger/logger.go:42","msg":"asd","err":"json: cannot unmarshal number into Go value of type engine.Tick"}
{"level":"ERROR","time":"2022-11-29T01:59:39.303+0800","caller":"logger/logger.go:42","msg":"asd","err":"json: cannot unmarshal number into Go value of type engine.Tick"}
{"level":"ERROR","time":"2022-11-29T01:59:39.412+0800","caller":"logger/logger.go:42","msg":"asd","err":"json: cannot unmarshal number into Go value of type engine.Tick"}
{"level":"ERROR","time":"2022-11-29T01:59:39.521+0800","caller":"logger/logger.go:42","msg":"asd","err":"json: cannot unmarshal number into Go value of type engine.Tick"}
{"level":"ERROR","time":"2022-11-29T01:59:39.630+0800","caller":"logger/logger.go:42","msg":"asd","err":"json: cannot unmarshal number into Go value of type engine.Tick"}
{"level":"ERROR","time":"2022-11-29T01:59:39.738+0800","caller":"logger/logger.go:42","msg":"asd","err":"json: cannot unmarshal number into Go value of type engine.Tick"}
{"level":"ERROR","time":"2022-11-29T01:59:39.846+0800","caller":"logger/logger.go:42","msg":"asd","err":"json: cannot unmarshal number into Go value of type engine.Tick"}
{"level":"ERROR","time":"2022-11-29T01:59:39.955+0800","caller":"logger/logger.go:42","msg":"asd","err":"json: cannot unmarshal number into Go value of type engine.Tick"}
{"level":"ERROR","time":"2022-11-29T01:59:40.065+0800","caller":"logger/logger.go:42","msg":"asd","err":"json: cannot unmarshal number into Go value of type engine.Tick"}
{"level":"ERROR","time":"2022-11-29T01:59:40.174+0800","caller":"logger/logger.go:42","msg":"asd","err":"json: cannot unmarshal number into Go value of type engine.Tick"}
{"level":"ERROR","time":"2022-11-29T01:59:40.281+0800","caller":"logger/logger.go:42","msg":"asd","err":"json: cannot unmarshal number into Go value of type engine.Tick"}
{"level":"ERROR","time":"2022-11-29T01:59:40.392+0800","caller":"logger/logger.go:42","msg":"asd","err":"json: cannot unmarshal number into Go value of type engine.Tick"}
{"level":"ERROR","time":"2022-11-29T01:59:40.500+0800","caller":"logger/logger.go:42","msg":"asd","err":"json: cannot unmarshal number into Go value of type engine.Tick"}
{"level":"ERROR","time":"2022-11-29T01:59:40.610+0800","caller":"logger/logger.go:42","msg":"asd","err":"json: cannot unmarshal number into Go value of type engine.Tick"}
{"level":"ERROR","time":"2022-11-29T01:59:40.717+0800","caller":"logger/logger.go:42","msg":"asd","err":"json: cannot unmarshal number into Go value of type engine.Tick"}
{"level":"ERROR","time":"2022-11-29T01:59:40.829+0800","caller":"logger/logger.go:42","msg":"asd","err":"json: cannot unmarshal number into Go value of type engine.Tick"}
{"level":"ERROR","time":"2022-11-29T01:59:40.938+0800","caller":"logger/logger.go:42","msg":"asd","err":"json: cannot unmarshal number into Go value of type engine.Tick"}
{"level":"ERROR","time":"2022-11-29T01:59:41.046+0800","caller":"logger/logger.go:42","msg":"asd","err":"json: cannot unmarshal number into Go value of type engine.Tick"}
{"level":"ERROR","time":"2022-11-29T01:59:41.154+0800","caller":"logger/logger.go:42","msg":"asd","err":"json: cannot unmarshal number into Go value of type engine.Tick"}
{"level":"ERROR","time":"2022-11-29T01:59:41.264+0800","caller":"logger/logger.go:42","msg":"asd","err":"json: cannot unmarshal number into Go value of type engine.Tick"}
{"level":"ERROR","time":"2022-11-29T01:59:41.374+0800","caller":"logger/logger.go:42","msg":"asd","err":"json: cannot unmarshal number into Go value of type engine.Tick"}
{"level":"ERROR","time":"2022-11-29T01:59:41.483+0800","caller":"logger/logger.go:42","msg":"asd","err":"json: cannot unmarshal number into Go value of type engine.Tick"}
{"level":"ERROR","time":"2022-11-29T01:59:41.593+0800","caller":"logger/logger.go:42","msg":"asd","err":"json: cannot unmarshal number into Go value of type engine.Tick"}
{"level":"ERROR","time":"2022-11-29T01:59:41.703+0800","caller":"logger/logger.go:42","msg":"asd","err":"json: cannot unmarshal number into Go value of type engine.Tick"}
{"level":"ERROR","time":"2022-11-29T01:59:41.811+0800","caller":"logger/logger.go:42","msg":"asd","err":"json: cannot unmarshal number into Go value of type engine.Tick"}
{"level":"ERROR","time":"2022-11-29T01:59:41.919+0800","caller":"logger/logger.go:42","msg":"asd","err":"json: cannot unmarshal number into Go value of type engine.Tick"}
{"level":"ERROR","time":"2022-11-29T01:59:42.029+0800","caller":"logger/logger.go:42","msg":"asd","err":"json: cannot unmarshal number into Go value of type engine.Tick"}
{"level":"ERROR","time":"2022-11-29T01:59:42.137+0800","caller":"logger/logger.go:42","msg":"asd","err":"json: cannot unmarshal number into Go value of type engine.Tick"}
{"level":"ERROR","time":"2022-11-29T01:59:42.245+0800","caller":"logger/logger.go:42","msg":"asd","err":"json: cannot unmarshal number into Go value of type engine.Tick"}
{"level":"ERROR","time":"2022-11-29T01:59:42.353+0800","caller":"logger/logger.go:42","msg":"asd","err":"json: cannot unmarshal number into Go value of type engine.Tick"}
{"level":"ERROR","time":"2022-11-29T01:59:42.463+0800","caller":"logger/logger.go:42","msg":"asd","err":"json: cannot unmarshal number into Go value of type engine.Tick"}
{"level":"ERROR","time":"2022-11-29T01:59:42.570+0800","caller":"logger/logger.go:42","msg":"asd","err":"json: cannot unmarshal number into Go value of type engine.Tick"}
{"level":"ERROR","time":"2022-11-29T01:59:42.682+0800","caller":"logger/logger.go:42","msg":"asd","err":"json: cannot unmarshal number into Go value of type engine.Tick"}
{"level":"ERROR","time":"2022-11-29T01:59:42.793+0800","caller":"logger/logger.go:42","msg":"asd","err":"json: cannot unmarshal number into Go value of type engine.Tick"}
{"level":"ERROR","time":"2022-11-29T01:59:42.901+0800","caller":"logger/logger.go:42","msg":"asd","err":"json: cannot unmarshal number into Go value of type engine.Tick"}
{"level":"ERROR","time":"2022-11-29T01:59:43.011+0800","caller":"logger/logger.go:42","msg":"asd","err":"json: cannot unmarshal number into Go value of type engine.Tick"}
{"level":"ERROR","time":"2022-11-29T01:59:43.118+0800","caller":"logger/logger.go:42","msg":"asd","err":"json: cannot unmarshal number into Go value of type engine.Tick"}
{"level":"ERROR","time":"2022-11-29T01:59:43.227+0800","caller":"logger/logger.go:42","msg":"asd","err":"json: cannot unmarshal number into Go value of type engine.Tick"}
{"level":"ERROR","time":"2022-11-29T01:59:43.335+0800","caller":"logger/logger.go:42","msg":"asd","err":"json: cannot unmarshal number into Go value of type engine.Tick"}
{"level":"ERROR","time":"2022-11-29T01:59:43.445+0800","caller":"logger/logger.go:42","msg":"asd","err":"json: cannot unmarshal number into Go value of type engine.Tick"}
{"level":"ERROR","time":"2022-11-29T01:59:43.554+0800","caller":"logger/logger.go:42","msg":"asd","err":"json: cannot unmarshal number into Go value of type engine.Tick"}
{"level":"ERROR","time":"2022-11-29T01:59:43.665+0800","caller":"logger/logger.go:42","msg":"asd","err":"json: cannot unmarshal number into Go value of type engine.Tick"}
{"level":"ERROR","time":"2022-11-29T01:59:43.772+0800","caller":"logger/logger.go:42","msg":"asd","err":"json: cannot unmarshal number into Go value of type engine.Tick"}
{"level":"ERROR","time":"2022-11-29T01:59:43.881+0800","caller":"logger/logger.go:42","msg":"asd","err":"json: cannot unmarshal number into Go value of type engine.Tick"}
{"level":"ERROR","time":"2022-11-29T01:59:43.991+0800","caller":"logger/logger.go:42","msg":"asd","err":"json: cannot unmarshal number into Go value of type engine.Tick"}
{"level":"ERROR","time":"2022-11-29T01:59:44.102+0800","caller":"logger/logger.go:42","msg":"asd","err":"json: cannot unmarshal number into Go value of type engine.Tick"}
{"level":"ERROR","time":"2022-11-29T01:59:44.209+0800","caller":"logger/logger.go:42","msg":"asd","err":"json: cannot unmarshal number into Go value of type engine.Tick"}
{"level":"ERROR","time":"2022-11-29T01:59:44.316+0800","caller":"logger/logger.go:42","msg":"asd","err":"json: cannot unmarshal number into Go value of type engine.Tick"}
{"level":"ERROR","time":"2022-11-29T01:59:44.424+0800","caller":"logger/logger.go:42","msg":"asd","err":"json: cannot unmarshal number into Go value of type engine.Tick"}
{"level":"ERROR","time":"2022-11-29T01:59:44.533+0800","caller":"logger/logger.go:42","msg":"asd","err":"json: cannot unmarshal number into Go value of type engine.Tick"}
{"level":"ERROR","time":"2022-11-29T01:59:44.642+0800","caller":"logger/logger.go:42","msg":"asd","err":"json: cannot unmarshal number into Go value of type engine.Tick"}
{"level":"ERROR","time":"2022-11-29T01:59:44.753+0800","caller":"logger/logger.go:42","msg":"asd","err":"json: cannot unmarshal number into Go value of type engine.Tick"}
{"level":"ERROR","time":"2022-11-29T01:59:44.862+0800","caller":"logger/logger.go:42","msg":"asd","err":"json: cannot unmarshal number into Go value of type engine.Tick"}
{"level":"ERROR","time":"2022-11-29T01:59:44.970+0800","caller":"logger/logger.go:42","msg":"asd","err":"json: cannot unmarshal number into Go value of type engine.Tick"}
{"level":"ERROR","time":"2022-11-29T01:59:45.079+0800","caller":"logger/logger.go:42","msg":"asd","err":"json: cannot unmarshal number into Go value of type engine.Tick"}
{"level":"ERROR","time":"2022-11-29T01:59:45.189+0800","caller":"logger/logger.go:42","msg":"asd","err":"json: cannot unmarshal number into Go value of type engine.Tick"}
{"level":"ERROR","time":"2022-11-29T01:59:45.297+0800","caller":"logger/logger.go:42","msg":"asd","err":"json: cannot unmarshal number into Go value of type engine.Tick"}
{"level":"ERROR","time":"2022-11-29T01:59:45.407+0800","caller":"logger/logger.go:42","msg":"asd","err":"json: cannot unmarshal number into Go value of type engine.Tick"}
{"level":"ERROR","time":"2022-11-29T01:59:45.515+0800","caller":"logger/logger.go:42","msg":"asd","err":"json: cannot unmarshal number into Go value of type engine.Tick"}
{"level":"ERROR","time":"2022-11-29T01:59:45.625+0800","caller":"logger/logger.go:42","msg":"asd","err":"json: cannot unmarshal number into Go value of type engine.Tick"}
{"level":"ERROR","time":"2022-11-29T01:59:45.735+0800","caller":"logger/logger.go:42","msg":"asd","err":"json: cannot unmarshal number into Go value of type engine.Tick"}
{"level":"ERROR","time":"2022-11-29T01:59:45.844+0800","caller":"logger/logger.go:42","msg":"asd","err":"json: cannot unmarshal number into Go value of type engine.Tick"}
{"level":"ERROR","time":"2022-11-29T01:59:45.953+0800","caller":"logger/logger.go:42","msg":"asd","err":"json: cannot unmarshal number into Go value of type engine.Tick"}
{"level":"ERROR","time":"2022-11-29T01:59:46.061+0800","caller":"logger/logger.go:42","msg":"asd","err":"json: cannot unmarshal number into Go value of type engine.Tick"}
{"level":"ERROR","time":"2022-11-29T01:59:46.168+0800","caller":"logger/logger.go:42","msg":"asd","err":"json: cannot unmarshal number into Go value of type engine.Tick"}
{"level":"ERROR","time":"2022-11-29T01:59:46.277+0800","caller":"logger/logger.go:42","msg":"asd","err":"json: cannot unmarshal number into Go value of type engine.Tick"}
{"level":"ERROR","time":"2022-11-29T01:59:46.387+0800","caller":"logger/logger.go:42","msg":"asd","err":"json: cannot unmarshal number into Go value of type engine.Tick"}
{"level":"ERROR","time":"2022-11-29T01:59:46.496+0800","caller":"logger/logger.go:42","msg":"asd","err":"json: cannot unmarshal number into Go value of type engine.Tick"}
{"level":"ERROR","time":"2022-11-29T01:59:46.604+0800","caller":"logger/logger.go:42","msg":"asd","err":"json: cannot unmarshal number into Go value of type engine.Tick"}
{"level":"ERROR","time":"2022-11-29T01:59:46.712+0800","caller":"logger/logger.go:42","msg":"asd","err":"json: cannot unmarshal number into Go value of type engine.Tick"}
{"level":"ERROR","time":"2022-11-29T01:59:46.822+0800","caller":"logger/logger.go:42","msg":"asd","err":"json: cannot unmarshal number into Go value of type engine.Tick"}
{"level":"ERROR","time":"2022-11-29T01:59:46.932+0800","caller":"logger/logger.go:42","msg":"asd","err":"json: cannot unmarshal number into Go value of type engine.Tick"}
{"level":"ERROR","time":"2022-11-29T01:59:47.042+0800","caller":"logger/logger.go:42","msg":"asd","err":"json: cannot unmarshal number into Go value of type engine.Tick"}
{"level":"ERROR","time":"2022-11-29T01:59:47.153+0800","caller":"logger/logger.go:42","msg":"asd","err":"json: cannot unmarshal number into Go value of type engine.Tick"}
{"level":"ERROR","time":"2022-11-29T01:59:47.263+0800","caller":"logger/logger.go:42","msg":"asd","err":"json: cannot unmarshal number into Go value of type engine.Tick"}
{"level":"ERROR","time":"2022-11-29T01:59:47.371+0800","caller":"logger/logger.go:42","msg":"asd","err":"json: cannot unmarshal number into Go value of type engine.Tick"}
{"level":"ERROR","time":"2022-11-29T01:59:47.480+0800","caller":"logger/logger.go:42","msg":"asd","err":"json: cannot unmarshal number into Go value of type engine.Tick"}
{"level":"ERROR","time":"2022-11-29T01:59:47.589+0800","caller":"logger/logger.go:42","msg":"asd","err":"json: cannot unmarshal number into Go value of type engine.Tick"}
{"level":"ERROR","time":"2022-11-29T01:59:47.697+0800","caller":"logger/logger.go:42","msg":"asd","err":"json: cannot unmarshal number into Go value of type engine.Tick"}
{"level":"ERROR","time":"2022-11-29T01:59:47.807+0800","caller":"logger/logger.go:42","msg":"asd","err":"json: cannot unmarshal number into Go value of type engine.Tick"}
{"level":"ERROR","time":"2022-11-29T01:59:47.915+0800","caller":"logger/logger.go:42","msg":"asd","err":"json: cannot unmarshal number into Go value of type engine.Tick"}
{"level":"ERROR","time":"2022-11-29T01:59:48.022+0800","caller":"logger/logger.go:42","msg":"asd","err":"json: cannot unmarshal number into Go value of type engine.Tick"}
{"level":"ERROR","time":"2022-11-29T01:59:48.131+0800","caller":"logger/logger.go:42","msg":"asd","err":"json: cannot unmarshal number into Go value of type engine.Tick"}
{"level":"ERROR","time":"2022-11-29T01:59:48.241+0800","caller":"logger/logger.go:42","msg":"asd","err":"json: cannot unmarshal number into Go value of type engine.Tick"}
{"level":"ERROR","time":"2022-11-29T01:59:48.351+0800","caller":"logger/logger.go:42","msg":"asd","err":"json: cannot unmarshal number into Go value of type engine.Tick"}
{"level":"ERROR","time":"2022-11-29T01:59:48.462+0800","caller":"logger/logger.go:42","msg":"asd","err":"json: cannot unmarshal number into Go value of type engine.Tick"}
{"level":"ERROR","time":"2022-11-29T01:59:48.572+0800","caller":"logger/logger.go:42","msg":"asd","err":"json: cannot unmarshal number into Go value of type engine.Tick"}
{"level":"ERROR","time":"2022-11-29T01:59:48.680+0800","caller":"logger/logger.go:42","msg":"asd","err":"json: cannot unmarshal number into Go value of type engine.Tick"}
{"level":"ERROR","time":"2022-11-29T01:59:48.788+0800","caller":"logger/logger.go:42","msg":"asd","err":"json: cannot unmarshal number into Go value of type engine.Tick"}
{"level":"ERROR","time":"2022-11-29T01:59:48.897+0800","caller":"logger/logger.go:42","msg":"asd","err":"json: cannot unmarshal number into Go value of type engine.Tick"}
{"level":"ERROR","time":"2022-11-29T01:59:49.005+0800","caller":"logger/logger.go:42","msg":"asd","err":"json: cannot unmarshal number into Go value of type engine.Tick"}
{"level":"ERROR","time":"2022-11-29T01:59:49.114+0800","caller":"logger/logger.go:42","msg":"asd","err":"json: cannot unmarshal number into Go value of type engine.Tick"}
{"level":"ERROR","time":"2022-11-29T01:59:49.225+0800","caller":"logger/logger.go:42","msg":"asd","err":"json: cannot unmarshal number into Go value of type engine.Tick"}
{"level":"ERROR","time":"2022-11-29T01:59:49.333+0800","caller":"logger/logger.go:42","msg":"asd","err":"json: cannot unmarshal number into Go value of type engine.Tick"}
{"level":"ERROR","time":"2022-11-29T01:59:49.444+0800","caller":"logger/logger.go:42","msg":"asd","err":"json: cannot unmarshal number into Go value of type engine.Tick"}
{"level":"ERROR","time":"2022-11-29T01:59:49.552+0800","caller":"logger/logger.go:42","msg":"asd","err":"json: cannot unmarshal number into Go value of type engine.Tick"}
{"level":"ERROR","time":"2022-11-29T01:59:49.661+0800","caller":"logger/logger.go:42","msg":"asd","err":"json: cannot unmarshal number into Go value of type engine.Tick"}
{"level":"ERROR","time":"2022-11-29T01:59:49.769+0800","caller":"logger/logger.go:42","msg":"asd","err":"json: cannot unmarshal number into Go value of type engine.Tick"}
{"level":"INFO","time":"2022-11-29T02:02:51.142+0800","caller":"logger/logger.go:38","msg":"started"}
{"level":"INFO","time":"2022-11-29T02:02:51.142+0800","caller":"logger/logger.go:38","msg":"http server listening on: 127.0.0.1:8080"}
{"level":"INFO","time":"2022-11-29T02:05:07.126+0800","caller":"logger/logger.go:38","msg":"started"}
{"level":"INFO","time":"2022-11-29T02:05:07.126+0800","caller":"logger/logger.go:38","msg":"http server listening on: 127.0.0.1:8080"}
{"level":"INFO","time":"2022-11-29T02:15:18.527+0800","caller":"logger/logger.go:38","msg":"started"}
{"level":"INFO","time":"2022-11-29T02:15:18.527+0800","caller":"logger/logger.go:38","msg":"http server listening on: 127.0.0.1:8080"}
{"level":"INFO","time":"2022-11-29T02:15:59.450+0800","caller":"logger/logger.go:38","msg":"started"}
{"level":"INFO","time":"2022-11-29T02:15:59.450+0800","caller":"logger/logger.go:38","msg":"http server listening on: 127.0.0.1:8080"}
{"level":"INFO","time":"2022-11-29T02:18:16.963+0800","caller":"logger/logger.go:74","msg":"/v1/kline","status":200,"method":"GET","path":"/v1/kline","query":"symbol=1a&period=1a","ip":"127.0.0.1","user-agent":"Mozilla/5.0 (Windows NT 10.0; Win64; x64) AppleWebKit/537.36 (KHTML, like Gecko) Chrome/109.0.0.0 Safari/537.36","errors":"","cost":0.0085262}
{"level":"INFO","time":"2022-11-29T02:18:17.060+0800","caller":"logger/logger.go:74","msg":"/favicon.ico","status":404,"method":"GET","path":"/favicon.ico","query":"","ip":"127.0.0.1","user-agent":"Mozilla/5.0 (Windows NT 10.0; Win64; x64) AppleWebKit/537.36 (KHTML, like Gecko) Chrome/109.0.0.0 Safari/537.36","errors":"","cost":0}
{"level":"INFO","time":"2022-11-29T02:18:29.932+0800","caller":"logger/logger.go:74","msg":"/v1/kline","status":200,"method":"GET","path":"/v1/kline","query":"symbol=BTC/USDT&period=1min","ip":"127.0.0.1","user-agent":"Mozilla/5.0 (Windows NT 10.0; Win64; x64) AppleWebKit/537.36 (KHTML, like Gecko) Chrome/109.0.0.0 Safari/537.36","errors":"","cost":0.0086552}
{"level":"INFO","time":"2022-11-29T02:18:57.175+0800","caller":"logger/logger.go:74","msg":"/v1/kline","status":200,"method":"GET","path":"/v1/kline","query":"symbol=BTC/USDT&period=5min","ip":"127.0.0.1","user-agent":"Mozilla/5.0 (Windows NT 10.0; Win64; x64) AppleWebKit/537.36 (KHTML, like Gecko) Chrome/109.0.0.0 Safari/537.36","errors":"","cost":0.0074069}
{"level":"INFO","time":"2022-11-29T02:44:47.381+0800","caller":"logger/logger.go:38","msg":"started"}
{"level":"INFO","time":"2022-11-29T02:44:47.381+0800","caller":"logger/logger.go:38","msg":"http server listening on: 127.0.0.1:8080"}
{"level":"INFO","time":"2022-11-29T02:51:04.743+0800","caller":"logger/logger.go:38","msg":"started"}
{"level":"INFO","time":"2022-11-29T02:51:04.743+0800","caller":"logger/logger.go:38","msg":"http server listening on: 127.0.0.1:8080"}
{"level":"INFO","time":"2022-11-29T02:54:30.901+0800","caller":"logger/logger.go:38","msg":"started"}
{"level":"INFO","time":"2022-11-29T02:54:30.901+0800","caller":"logger/logger.go:38","msg":"http server listening on: 127.0.0.1:8080"}
{"level":"INFO","time":"2022-11-29T02:54:34.799+0800","caller":"logger/logger.go:74","msg":"/v1/kline","status":200,"method":"GET","path":"/v1/kline","query":"symbol=BTC/USDT&period=5min","ip":"127.0.0.1","user-agent":"Mozilla/5.0 (Windows NT 10.0; Win64; x64) AppleWebKit/537.36 (KHTML, like Gecko) Chrome/109.0.0.0 Safari/537.36","errors":"","cost":0.0087656}
